#-----------------------------------------------------------
# Vivado v2019.1 (64-bit)
# SW Build 2552052 on Fri May 24 14:49:42 MDT 2019
# IP Build 2548770 on Fri May 24 18:01:18 MDT 2019
# Start of session at: Sat Nov  9 16:39:21 2024
# Process ID: 4772
# Current directory: E:/Dropbox/Rodgel/Projects/1402/Triangle-TeraHertz/vhdl code
# Command line: vivado.exe -gui_launcher_event rodinguilauncherevent11600 E:\Dropbox\Rodgel\Projects\1402\Triangle-TeraHertz\vhdl code\Triangle_Terahertz_FPGA_Ver4.vhd.xpr
# Log file: E:/Dropbox/Rodgel/Projects/1402/Triangle-TeraHertz/vhdl code/vivado.log
# Journal file: E:/Dropbox/Rodgel/Projects/1402/Triangle-TeraHertz/vhdl code\vivado.jou
#-----------------------------------------------------------
start_gui
open_project {E:/Dropbox/Rodgel/Projects/1402/Triangle-TeraHertz/vhdl code/Triangle_Terahertz_FPGA_Ver4.vhd.xpr}
update_compile_order -fileset sources_1
reset_run impl_1
launch_runs impl_1 -jobs 2
wait_on_run impl_1
launch_runs impl_1 -to_step write_bitstream -jobs 2
wait_on_run impl_1
open_run impl_1
close_design
close_project
open_project {E:/Dropbox/Rodgel/Projects/1402/Triangle-TeraHertz/vhdl code/Triangle_Terahertz_FPGA_Ver4.vhd.xpr}
update_compile_order -fileset sources_1
reset_run impl_1 -prev_step 
launch_runs impl_1 -to_step write_bitstream -jobs 2
wait_on_run impl_1
open_run impl_1
set_property is_loc_fixed false [get_ports [list  {dout_tdata[9]}]]
set_property is_loc_fixed true [get_ports [list  {dout_tdata[9]}]]
set_property is_loc_fixed false [get_ports [list  {dout_tdata[9]}]]
set_property is_loc_fixed true [get_ports [list  {dout_tdata[9]}]]
set_property is_loc_fixed false [get_ports [list  {dout_tdata[9]}]]
set_property package_pin "" [get_ports [list  {dout_tdata[9]}]]
set_property is_loc_fixed true [get_ports [list  {dout_tdata[9]}]]
set_property package_pin "" [get_ports [list  {dout_tdata[9]}]]
save_constraints
place_ports {dout_tdata[9]} A2
set_property IOSTANDARD LVCMOS33 [get_ports [list {dout_tdata[9]}]]
save_constraints -force
set_property is_loc_fixed true [get_ports [list  {dout_tdata[8]}]]
set_property is_loc_fixed false [get_ports [list  {dout_tdata[8]}]]
save_constraints -force
reset_run synth_1
launch_runs impl_1 -to_step write_bitstream -jobs 2
wait_on_run impl_1
close_design
reset_run synth_1
launch_runs impl_1 -to_step write_bitstream -jobs 2
wait_on_run impl_1
open_run impl_1
open_hw
connect_hw_server
open_hw_target
set_property PROGRAM.FILE {E:/Dropbox/Rodgel/Projects/1402/Triangle-TeraHertz/vhdl code/Triangle_Terahertz_FPGA_Ver4.vhd.runs/impl_1/ComputeModule.bit} [get_hw_devices xc7s25_0]
set_property PROBES.FILE {E:/Dropbox/Rodgel/Projects/1402/Triangle-TeraHertz/vhdl code/Triangle_Terahertz_FPGA_Ver4.vhd.runs/impl_1/ComputeModule.ltx} [get_hw_devices xc7s25_0]
set_property FULL_PROBES.FILE {E:/Dropbox/Rodgel/Projects/1402/Triangle-TeraHertz/vhdl code/Triangle_Terahertz_FPGA_Ver4.vhd.runs/impl_1/ComputeModule.ltx} [get_hw_devices xc7s25_0]
current_hw_device [get_hw_devices xc7s25_0]
refresh_hw_device [lindex [get_hw_devices xc7s25_0] 0]
create_hw_cfgmem -hw_device [get_hw_devices xc7s25_0] -mem_dev [lindex [get_cfgmem_parts {mx25l3233f-spi-x1_x2_x4}] 0]
set_property PROBES.FILE {E:/Dropbox/Rodgel/Projects/1402/Triangle-TeraHertz/vhdl code/Triangle_Terahertz_FPGA_Ver4.vhd.runs/impl_1/ComputeModule.bit} [get_hw_devices xc7s25_0]
set_property FULL_PROBES.FILE {E:/Dropbox/Rodgel/Projects/1402/Triangle-TeraHertz/vhdl code/Triangle_Terahertz_FPGA_Ver4.vhd.runs/impl_1/ComputeModule.bit} [get_hw_devices xc7s25_0]
set_property PROGRAM.FILE {E:/Dropbox/Rodgel/Projects/1402/Triangle-TeraHertz/vhdl code/Triangle_Terahertz_FPGA_Ver4.vhd.runs/impl_1/ComputeModule.bit} [get_hw_devices xc7s25_0]
program_hw_devices [get_hw_devices xc7s25_0]
refresh_hw_device [lindex [get_hw_devices xc7s25_0] 0]
run_hw_ila [get_hw_ilas -of_objects [get_hw_devices xc7s25_0] -filter {CELL_NAME=~""}]
run_hw_ila [get_hw_ilas -of_objects [get_hw_devices xc7s25_0] -filter {CELL_NAME=~""}]
disconnect_hw_server localhost:3121
connect_hw_server
open_hw_target
set_property PROGRAM.FILE {E:/Dropbox/Rodgel/Projects/1402/Triangle-TeraHertz/vhdl code/Triangle_Terahertz_FPGA_Ver4.vhd.runs/impl_1/ComputeModule.bit} [get_hw_devices xc7s25_0]
set_property PROBES.FILE {E:/Dropbox/Rodgel/Projects/1402/Triangle-TeraHertz/vhdl code/Triangle_Terahertz_FPGA_Ver4.vhd.runs/impl_1/ComputeModule.bit} [get_hw_devices xc7s25_0]
set_property FULL_PROBES.FILE {E:/Dropbox/Rodgel/Projects/1402/Triangle-TeraHertz/vhdl code/Triangle_Terahertz_FPGA_Ver4.vhd.runs/impl_1/ComputeModule.bit} [get_hw_devices xc7s25_0]
current_hw_device [get_hw_devices xc7s25_0]
refresh_hw_device [lindex [get_hw_devices xc7s25_0] 0]
create_hw_cfgmem -hw_device [get_hw_devices xc7s25_0] -mem_dev [lindex [get_cfgmem_parts {mx25l3233f-spi-x1_x2_x4}] 0]
set_property PROBES.FILE {E:/Dropbox/Rodgel/Projects/1402/Triangle-TeraHertz/vhdl code/Triangle_Terahertz_FPGA_Ver4.vhd.runs/impl_1/debug_nets.ltx} [get_hw_devices xc7s25_0]
set_property FULL_PROBES.FILE {E:/Dropbox/Rodgel/Projects/1402/Triangle-TeraHertz/vhdl code/Triangle_Terahertz_FPGA_Ver4.vhd.runs/impl_1/debug_nets.ltx} [get_hw_devices xc7s25_0]
set_property PROGRAM.FILE {E:/Dropbox/Rodgel/Projects/1402/Triangle-TeraHertz/vhdl code/Triangle_Terahertz_FPGA_Ver4.vhd.runs/impl_1/ComputeModule.bit} [get_hw_devices xc7s25_0]
program_hw_devices [get_hw_devices xc7s25_0]
refresh_hw_device [lindex [get_hw_devices xc7s25_0] 0]
display_hw_ila_data [ get_hw_ila_data hw_ila_data_1 -of_objects [get_hw_ilas -of_objects [get_hw_devices xc7s25_0] -filter {CELL_NAME=~"my_ila_instance"}]]
run_hw_ila [get_hw_ilas -of_objects [get_hw_devices xc7s25_0] -filter {CELL_NAME=~"my_ila_instance"}]
wait_on_hw_ila [get_hw_ilas -of_objects [get_hw_devices xc7s25_0] -filter {CELL_NAME=~"my_ila_instance"}]
display_hw_ila_data [upload_hw_ila_data [get_hw_ilas -of_objects [get_hw_devices xc7s25_0] -filter {CELL_NAME=~"my_ila_instance"}]]
run_hw_ila [get_hw_ilas -of_objects [get_hw_devices xc7s25_0] -filter {CELL_NAME=~"my_ila_instance"}]
wait_on_hw_ila [get_hw_ilas -of_objects [get_hw_devices xc7s25_0] -filter {CELL_NAME=~"my_ila_instance"}]
display_hw_ila_data [upload_hw_ila_data [get_hw_ilas -of_objects [get_hw_devices xc7s25_0] -filter {CELL_NAME=~"my_ila_instance"}]]
run_hw_ila [get_hw_ilas -of_objects [get_hw_devices xc7s25_0] -filter {CELL_NAME=~"my_ila_instance"}]
wait_on_hw_ila [get_hw_ilas -of_objects [get_hw_devices xc7s25_0] -filter {CELL_NAME=~"my_ila_instance"}]
display_hw_ila_data [upload_hw_ila_data [get_hw_ilas -of_objects [get_hw_devices xc7s25_0] -filter {CELL_NAME=~"my_ila_instance"}]]
run_hw_ila [get_hw_ilas -of_objects [get_hw_devices xc7s25_0] -filter {CELL_NAME=~"my_ila_instance"}]
wait_on_hw_ila [get_hw_ilas -of_objects [get_hw_devices xc7s25_0] -filter {CELL_NAME=~"my_ila_instance"}]
display_hw_ila_data [upload_hw_ila_data [get_hw_ilas -of_objects [get_hw_devices xc7s25_0] -filter {CELL_NAME=~"my_ila_instance"}]]
run_hw_ila [get_hw_ilas -of_objects [get_hw_devices xc7s25_0] -filter {CELL_NAME=~"my_ila_instance"}]
wait_on_hw_ila [get_hw_ilas -of_objects [get_hw_devices xc7s25_0] -filter {CELL_NAME=~"my_ila_instance"}]
display_hw_ila_data [upload_hw_ila_data [get_hw_ilas -of_objects [get_hw_devices xc7s25_0] -filter {CELL_NAME=~"my_ila_instance"}]]
run_hw_ila [get_hw_ilas -of_objects [get_hw_devices xc7s25_0] -filter {CELL_NAME=~"my_ila_instance"}]
wait_on_hw_ila [get_hw_ilas -of_objects [get_hw_devices xc7s25_0] -filter {CELL_NAME=~"my_ila_instance"}]
display_hw_ila_data [upload_hw_ila_data [get_hw_ilas -of_objects [get_hw_devices xc7s25_0] -filter {CELL_NAME=~"my_ila_instance"}]]
run_hw_ila [get_hw_ilas -of_objects [get_hw_devices xc7s25_0] -filter {CELL_NAME=~"my_ila_instance"}]
wait_on_hw_ila [get_hw_ilas -of_objects [get_hw_devices xc7s25_0] -filter {CELL_NAME=~"my_ila_instance"}]
display_hw_ila_data [upload_hw_ila_data [get_hw_ilas -of_objects [get_hw_devices xc7s25_0] -filter {CELL_NAME=~"my_ila_instance"}]]
run_hw_ila [get_hw_ilas -of_objects [get_hw_devices xc7s25_0] -filter {CELL_NAME=~"my_ila_instance"}]
wait_on_hw_ila [get_hw_ilas -of_objects [get_hw_devices xc7s25_0] -filter {CELL_NAME=~"my_ila_instance"}]
display_hw_ila_data [upload_hw_ila_data [get_hw_ilas -of_objects [get_hw_devices xc7s25_0] -filter {CELL_NAME=~"my_ila_instance"}]]
run_hw_ila [get_hw_ilas -of_objects [get_hw_devices xc7s25_0] -filter {CELL_NAME=~"my_ila_instance"}]
wait_on_hw_ila [get_hw_ilas -of_objects [get_hw_devices xc7s25_0] -filter {CELL_NAME=~"my_ila_instance"}]
display_hw_ila_data [upload_hw_ila_data [get_hw_ilas -of_objects [get_hw_devices xc7s25_0] -filter {CELL_NAME=~"my_ila_instance"}]]
run_hw_ila [get_hw_ilas -of_objects [get_hw_devices xc7s25_0] -filter {CELL_NAME=~"my_ila_instance"}]
wait_on_hw_ila [get_hw_ilas -of_objects [get_hw_devices xc7s25_0] -filter {CELL_NAME=~"my_ila_instance"}]
display_hw_ila_data [upload_hw_ila_data [get_hw_ilas -of_objects [get_hw_devices xc7s25_0] -filter {CELL_NAME=~"my_ila_instance"}]]
run_hw_ila [get_hw_ilas -of_objects [get_hw_devices xc7s25_0] -filter {CELL_NAME=~"my_ila_instance"}]
wait_on_hw_ila [get_hw_ilas -of_objects [get_hw_devices xc7s25_0] -filter {CELL_NAME=~"my_ila_instance"}]
display_hw_ila_data [upload_hw_ila_data [get_hw_ilas -of_objects [get_hw_devices xc7s25_0] -filter {CELL_NAME=~"my_ila_instance"}]]
run_hw_ila [get_hw_ilas -of_objects [get_hw_devices xc7s25_0] -filter {CELL_NAME=~"my_ila_instance"}]
wait_on_hw_ila [get_hw_ilas -of_objects [get_hw_devices xc7s25_0] -filter {CELL_NAME=~"my_ila_instance"}]
display_hw_ila_data [upload_hw_ila_data [get_hw_ilas -of_objects [get_hw_devices xc7s25_0] -filter {CELL_NAME=~"my_ila_instance"}]]
run_hw_ila [get_hw_ilas -of_objects [get_hw_devices xc7s25_0] -filter {CELL_NAME=~"my_ila_instance"}]
wait_on_hw_ila [get_hw_ilas -of_objects [get_hw_devices xc7s25_0] -filter {CELL_NAME=~"my_ila_instance"}]
display_hw_ila_data [upload_hw_ila_data [get_hw_ilas -of_objects [get_hw_devices xc7s25_0] -filter {CELL_NAME=~"my_ila_instance"}]]
run_hw_ila [get_hw_ilas -of_objects [get_hw_devices xc7s25_0] -filter {CELL_NAME=~"my_ila_instance"}]
wait_on_hw_ila [get_hw_ilas -of_objects [get_hw_devices xc7s25_0] -filter {CELL_NAME=~"my_ila_instance"}]
display_hw_ila_data [upload_hw_ila_data [get_hw_ilas -of_objects [get_hw_devices xc7s25_0] -filter {CELL_NAME=~"my_ila_instance"}]]
run_hw_ila [get_hw_ilas -of_objects [get_hw_devices xc7s25_0] -filter {CELL_NAME=~"my_ila_instance"}]
wait_on_hw_ila [get_hw_ilas -of_objects [get_hw_devices xc7s25_0] -filter {CELL_NAME=~"my_ila_instance"}]
display_hw_ila_data [upload_hw_ila_data [get_hw_ilas -of_objects [get_hw_devices xc7s25_0] -filter {CELL_NAME=~"my_ila_instance"}]]
run_hw_ila [get_hw_ilas -of_objects [get_hw_devices xc7s25_0] -filter {CELL_NAME=~"my_ila_instance"}]
wait_on_hw_ila [get_hw_ilas -of_objects [get_hw_devices xc7s25_0] -filter {CELL_NAME=~"my_ila_instance"}]
display_hw_ila_data [upload_hw_ila_data [get_hw_ilas -of_objects [get_hw_devices xc7s25_0] -filter {CELL_NAME=~"my_ila_instance"}]]
run_hw_ila [get_hw_ilas -of_objects [get_hw_devices xc7s25_0] -filter {CELL_NAME=~"my_ila_instance"}]
wait_on_hw_ila [get_hw_ilas -of_objects [get_hw_devices xc7s25_0] -filter {CELL_NAME=~"my_ila_instance"}]
display_hw_ila_data [upload_hw_ila_data [get_hw_ilas -of_objects [get_hw_devices xc7s25_0] -filter {CELL_NAME=~"my_ila_instance"}]]
run_hw_ila [get_hw_ilas -of_objects [get_hw_devices xc7s25_0] -filter {CELL_NAME=~"my_ila_instance"}]
wait_on_hw_ila [get_hw_ilas -of_objects [get_hw_devices xc7s25_0] -filter {CELL_NAME=~"my_ila_instance"}]
display_hw_ila_data [upload_hw_ila_data [get_hw_ilas -of_objects [get_hw_devices xc7s25_0] -filter {CELL_NAME=~"my_ila_instance"}]]
run_hw_ila [get_hw_ilas -of_objects [get_hw_devices xc7s25_0] -filter {CELL_NAME=~"my_ila_instance"}]
wait_on_hw_ila [get_hw_ilas -of_objects [get_hw_devices xc7s25_0] -filter {CELL_NAME=~"my_ila_instance"}]
display_hw_ila_data [upload_hw_ila_data [get_hw_ilas -of_objects [get_hw_devices xc7s25_0] -filter {CELL_NAME=~"my_ila_instance"}]]
run_hw_ila [get_hw_ilas -of_objects [get_hw_devices xc7s25_0] -filter {CELL_NAME=~"my_ila_instance"}]
wait_on_hw_ila [get_hw_ilas -of_objects [get_hw_devices xc7s25_0] -filter {CELL_NAME=~"my_ila_instance"}]
display_hw_ila_data [upload_hw_ila_data [get_hw_ilas -of_objects [get_hw_devices xc7s25_0] -filter {CELL_NAME=~"my_ila_instance"}]]
run_hw_ila [get_hw_ilas -of_objects [get_hw_devices xc7s25_0] -filter {CELL_NAME=~"my_ila_instance"}]
wait_on_hw_ila [get_hw_ilas -of_objects [get_hw_devices xc7s25_0] -filter {CELL_NAME=~"my_ila_instance"}]
display_hw_ila_data [upload_hw_ila_data [get_hw_ilas -of_objects [get_hw_devices xc7s25_0] -filter {CELL_NAME=~"my_ila_instance"}]]
run_hw_ila [get_hw_ilas -of_objects [get_hw_devices xc7s25_0] -filter {CELL_NAME=~"my_ila_instance"}]
wait_on_hw_ila [get_hw_ilas -of_objects [get_hw_devices xc7s25_0] -filter {CELL_NAME=~"my_ila_instance"}]
display_hw_ila_data [upload_hw_ila_data [get_hw_ilas -of_objects [get_hw_devices xc7s25_0] -filter {CELL_NAME=~"my_ila_instance"}]]
run_hw_ila [get_hw_ilas -of_objects [get_hw_devices xc7s25_0] -filter {CELL_NAME=~"my_ila_instance"}]
wait_on_hw_ila [get_hw_ilas -of_objects [get_hw_devices xc7s25_0] -filter {CELL_NAME=~"my_ila_instance"}]
display_hw_ila_data [upload_hw_ila_data [get_hw_ilas -of_objects [get_hw_devices xc7s25_0] -filter {CELL_NAME=~"my_ila_instance"}]]
run_hw_ila [get_hw_ilas -of_objects [get_hw_devices xc7s25_0] -filter {CELL_NAME=~"my_ila_instance"}]
wait_on_hw_ila [get_hw_ilas -of_objects [get_hw_devices xc7s25_0] -filter {CELL_NAME=~"my_ila_instance"}]
display_hw_ila_data [upload_hw_ila_data [get_hw_ilas -of_objects [get_hw_devices xc7s25_0] -filter {CELL_NAME=~"my_ila_instance"}]]
run_hw_ila [get_hw_ilas -of_objects [get_hw_devices xc7s25_0] -filter {CELL_NAME=~"my_ila_instance"}]
wait_on_hw_ila [get_hw_ilas -of_objects [get_hw_devices xc7s25_0] -filter {CELL_NAME=~"my_ila_instance"}]
display_hw_ila_data [upload_hw_ila_data [get_hw_ilas -of_objects [get_hw_devices xc7s25_0] -filter {CELL_NAME=~"my_ila_instance"}]]
run_hw_ila [get_hw_ilas -of_objects [get_hw_devices xc7s25_0] -filter {CELL_NAME=~"my_ila_instance"}]
wait_on_hw_ila [get_hw_ilas -of_objects [get_hw_devices xc7s25_0] -filter {CELL_NAME=~"my_ila_instance"}]
display_hw_ila_data [upload_hw_ila_data [get_hw_ilas -of_objects [get_hw_devices xc7s25_0] -filter {CELL_NAME=~"my_ila_instance"}]]
run_hw_ila [get_hw_ilas -of_objects [get_hw_devices xc7s25_0] -filter {CELL_NAME=~"my_ila_instance"}]
wait_on_hw_ila [get_hw_ilas -of_objects [get_hw_devices xc7s25_0] -filter {CELL_NAME=~"my_ila_instance"}]
display_hw_ila_data [upload_hw_ila_data [get_hw_ilas -of_objects [get_hw_devices xc7s25_0] -filter {CELL_NAME=~"my_ila_instance"}]]
run_hw_ila [get_hw_ilas -of_objects [get_hw_devices xc7s25_0] -filter {CELL_NAME=~"my_ila_instance"}]
wait_on_hw_ila [get_hw_ilas -of_objects [get_hw_devices xc7s25_0] -filter {CELL_NAME=~"my_ila_instance"}]
display_hw_ila_data [upload_hw_ila_data [get_hw_ilas -of_objects [get_hw_devices xc7s25_0] -filter {CELL_NAME=~"my_ila_instance"}]]
run_hw_ila [get_hw_ilas -of_objects [get_hw_devices xc7s25_0] -filter {CELL_NAME=~"my_ila_instance"}]
wait_on_hw_ila [get_hw_ilas -of_objects [get_hw_devices xc7s25_0] -filter {CELL_NAME=~"my_ila_instance"}]
display_hw_ila_data [upload_hw_ila_data [get_hw_ilas -of_objects [get_hw_devices xc7s25_0] -filter {CELL_NAME=~"my_ila_instance"}]]
run_hw_ila [get_hw_ilas -of_objects [get_hw_devices xc7s25_0] -filter {CELL_NAME=~"my_ila_instance"}]
wait_on_hw_ila [get_hw_ilas -of_objects [get_hw_devices xc7s25_0] -filter {CELL_NAME=~"my_ila_instance"}]
display_hw_ila_data [upload_hw_ila_data [get_hw_ilas -of_objects [get_hw_devices xc7s25_0] -filter {CELL_NAME=~"my_ila_instance"}]]
run_hw_ila [get_hw_ilas -of_objects [get_hw_devices xc7s25_0] -filter {CELL_NAME=~"my_ila_instance"}]
wait_on_hw_ila [get_hw_ilas -of_objects [get_hw_devices xc7s25_0] -filter {CELL_NAME=~"my_ila_instance"}]
display_hw_ila_data [upload_hw_ila_data [get_hw_ilas -of_objects [get_hw_devices xc7s25_0] -filter {CELL_NAME=~"my_ila_instance"}]]
run_hw_ila [get_hw_ilas -of_objects [get_hw_devices xc7s25_0] -filter {CELL_NAME=~"my_ila_instance"}]
wait_on_hw_ila [get_hw_ilas -of_objects [get_hw_devices xc7s25_0] -filter {CELL_NAME=~"my_ila_instance"}]
display_hw_ila_data [upload_hw_ila_data [get_hw_ilas -of_objects [get_hw_devices xc7s25_0] -filter {CELL_NAME=~"my_ila_instance"}]]
run_hw_ila [get_hw_ilas -of_objects [get_hw_devices xc7s25_0] -filter {CELL_NAME=~"my_ila_instance"}]
wait_on_hw_ila [get_hw_ilas -of_objects [get_hw_devices xc7s25_0] -filter {CELL_NAME=~"my_ila_instance"}]
display_hw_ila_data [upload_hw_ila_data [get_hw_ilas -of_objects [get_hw_devices xc7s25_0] -filter {CELL_NAME=~"my_ila_instance"}]]
run_hw_ila [get_hw_ilas -of_objects [get_hw_devices xc7s25_0] -filter {CELL_NAME=~"my_ila_instance"}]
wait_on_hw_ila [get_hw_ilas -of_objects [get_hw_devices xc7s25_0] -filter {CELL_NAME=~"my_ila_instance"}]
display_hw_ila_data [upload_hw_ila_data [get_hw_ilas -of_objects [get_hw_devices xc7s25_0] -filter {CELL_NAME=~"my_ila_instance"}]]
run_hw_ila [get_hw_ilas -of_objects [get_hw_devices xc7s25_0] -filter {CELL_NAME=~"my_ila_instance"}]
wait_on_hw_ila [get_hw_ilas -of_objects [get_hw_devices xc7s25_0] -filter {CELL_NAME=~"my_ila_instance"}]
display_hw_ila_data [upload_hw_ila_data [get_hw_ilas -of_objects [get_hw_devices xc7s25_0] -filter {CELL_NAME=~"my_ila_instance"}]]
run_hw_ila [get_hw_ilas -of_objects [get_hw_devices xc7s25_0] -filter {CELL_NAME=~"my_ila_instance"}]
wait_on_hw_ila [get_hw_ilas -of_objects [get_hw_devices xc7s25_0] -filter {CELL_NAME=~"my_ila_instance"}]
display_hw_ila_data [upload_hw_ila_data [get_hw_ilas -of_objects [get_hw_devices xc7s25_0] -filter {CELL_NAME=~"my_ila_instance"}]]
run_hw_ila [get_hw_ilas -of_objects [get_hw_devices xc7s25_0] -filter {CELL_NAME=~"my_ila_instance"}]
wait_on_hw_ila [get_hw_ilas -of_objects [get_hw_devices xc7s25_0] -filter {CELL_NAME=~"my_ila_instance"}]
display_hw_ila_data [upload_hw_ila_data [get_hw_ilas -of_objects [get_hw_devices xc7s25_0] -filter {CELL_NAME=~"my_ila_instance"}]]
run_hw_ila [get_hw_ilas -of_objects [get_hw_devices xc7s25_0] -filter {CELL_NAME=~"my_ila_instance"}]
wait_on_hw_ila [get_hw_ilas -of_objects [get_hw_devices xc7s25_0] -filter {CELL_NAME=~"my_ila_instance"}]
display_hw_ila_data [upload_hw_ila_data [get_hw_ilas -of_objects [get_hw_devices xc7s25_0] -filter {CELL_NAME=~"my_ila_instance"}]]
run_hw_ila [get_hw_ilas -of_objects [get_hw_devices xc7s25_0] -filter {CELL_NAME=~"my_ila_instance"}]
wait_on_hw_ila [get_hw_ilas -of_objects [get_hw_devices xc7s25_0] -filter {CELL_NAME=~"my_ila_instance"}]
display_hw_ila_data [upload_hw_ila_data [get_hw_ilas -of_objects [get_hw_devices xc7s25_0] -filter {CELL_NAME=~"my_ila_instance"}]]
run_hw_ila [get_hw_ilas -of_objects [get_hw_devices xc7s25_0] -filter {CELL_NAME=~"my_ila_instance"}]
wait_on_hw_ila [get_hw_ilas -of_objects [get_hw_devices xc7s25_0] -filter {CELL_NAME=~"my_ila_instance"}]
display_hw_ila_data [upload_hw_ila_data [get_hw_ilas -of_objects [get_hw_devices xc7s25_0] -filter {CELL_NAME=~"my_ila_instance"}]]
run_hw_ila [get_hw_ilas -of_objects [get_hw_devices xc7s25_0] -filter {CELL_NAME=~"my_ila_instance"}]
wait_on_hw_ila [get_hw_ilas -of_objects [get_hw_devices xc7s25_0] -filter {CELL_NAME=~"my_ila_instance"}]
display_hw_ila_data [upload_hw_ila_data [get_hw_ilas -of_objects [get_hw_devices xc7s25_0] -filter {CELL_NAME=~"my_ila_instance"}]]
run_hw_ila [get_hw_ilas -of_objects [get_hw_devices xc7s25_0] -filter {CELL_NAME=~"my_ila_instance"}]
wait_on_hw_ila [get_hw_ilas -of_objects [get_hw_devices xc7s25_0] -filter {CELL_NAME=~"my_ila_instance"}]
display_hw_ila_data [upload_hw_ila_data [get_hw_ilas -of_objects [get_hw_devices xc7s25_0] -filter {CELL_NAME=~"my_ila_instance"}]]
run_hw_ila [get_hw_ilas -of_objects [get_hw_devices xc7s25_0] -filter {CELL_NAME=~"my_ila_instance"}]
wait_on_hw_ila [get_hw_ilas -of_objects [get_hw_devices xc7s25_0] -filter {CELL_NAME=~"my_ila_instance"}]
display_hw_ila_data [upload_hw_ila_data [get_hw_ilas -of_objects [get_hw_devices xc7s25_0] -filter {CELL_NAME=~"my_ila_instance"}]]
run_hw_ila [get_hw_ilas -of_objects [get_hw_devices xc7s25_0] -filter {CELL_NAME=~"my_ila_instance"}]
wait_on_hw_ila [get_hw_ilas -of_objects [get_hw_devices xc7s25_0] -filter {CELL_NAME=~"my_ila_instance"}]
display_hw_ila_data [upload_hw_ila_data [get_hw_ilas -of_objects [get_hw_devices xc7s25_0] -filter {CELL_NAME=~"my_ila_instance"}]]
run_hw_ila [get_hw_ilas -of_objects [get_hw_devices xc7s25_0] -filter {CELL_NAME=~"my_ila_instance"}]
wait_on_hw_ila [get_hw_ilas -of_objects [get_hw_devices xc7s25_0] -filter {CELL_NAME=~"my_ila_instance"}]
display_hw_ila_data [upload_hw_ila_data [get_hw_ilas -of_objects [get_hw_devices xc7s25_0] -filter {CELL_NAME=~"my_ila_instance"}]]
run_hw_ila [get_hw_ilas -of_objects [get_hw_devices xc7s25_0] -filter {CELL_NAME=~"my_ila_instance"}]
wait_on_hw_ila [get_hw_ilas -of_objects [get_hw_devices xc7s25_0] -filter {CELL_NAME=~"my_ila_instance"}]
display_hw_ila_data [upload_hw_ila_data [get_hw_ilas -of_objects [get_hw_devices xc7s25_0] -filter {CELL_NAME=~"my_ila_instance"}]]
run_hw_ila [get_hw_ilas -of_objects [get_hw_devices xc7s25_0] -filter {CELL_NAME=~"my_ila_instance"}]
wait_on_hw_ila [get_hw_ilas -of_objects [get_hw_devices xc7s25_0] -filter {CELL_NAME=~"my_ila_instance"}]
display_hw_ila_data [upload_hw_ila_data [get_hw_ilas -of_objects [get_hw_devices xc7s25_0] -filter {CELL_NAME=~"my_ila_instance"}]]
run_hw_ila [get_hw_ilas -of_objects [get_hw_devices xc7s25_0] -filter {CELL_NAME=~"my_ila_instance"}]
wait_on_hw_ila [get_hw_ilas -of_objects [get_hw_devices xc7s25_0] -filter {CELL_NAME=~"my_ila_instance"}]
display_hw_ila_data [upload_hw_ila_data [get_hw_ilas -of_objects [get_hw_devices xc7s25_0] -filter {CELL_NAME=~"my_ila_instance"}]]
run_hw_ila [get_hw_ilas -of_objects [get_hw_devices xc7s25_0] -filter {CELL_NAME=~"my_ila_instance"}]
wait_on_hw_ila [get_hw_ilas -of_objects [get_hw_devices xc7s25_0] -filter {CELL_NAME=~"my_ila_instance"}]
display_hw_ila_data [upload_hw_ila_data [get_hw_ilas -of_objects [get_hw_devices xc7s25_0] -filter {CELL_NAME=~"my_ila_instance"}]]
run_hw_ila [get_hw_ilas -of_objects [get_hw_devices xc7s25_0] -filter {CELL_NAME=~"my_ila_instance"}]
wait_on_hw_ila [get_hw_ilas -of_objects [get_hw_devices xc7s25_0] -filter {CELL_NAME=~"my_ila_instance"}]
display_hw_ila_data [upload_hw_ila_data [get_hw_ilas -of_objects [get_hw_devices xc7s25_0] -filter {CELL_NAME=~"my_ila_instance"}]]
run_hw_ila [get_hw_ilas -of_objects [get_hw_devices xc7s25_0] -filter {CELL_NAME=~"my_ila_instance"}]
wait_on_hw_ila [get_hw_ilas -of_objects [get_hw_devices xc7s25_0] -filter {CELL_NAME=~"my_ila_instance"}]
display_hw_ila_data [upload_hw_ila_data [get_hw_ilas -of_objects [get_hw_devices xc7s25_0] -filter {CELL_NAME=~"my_ila_instance"}]]
run_hw_ila [get_hw_ilas -of_objects [get_hw_devices xc7s25_0] -filter {CELL_NAME=~"my_ila_instance"}]
wait_on_hw_ila [get_hw_ilas -of_objects [get_hw_devices xc7s25_0] -filter {CELL_NAME=~"my_ila_instance"}]
display_hw_ila_data [upload_hw_ila_data [get_hw_ilas -of_objects [get_hw_devices xc7s25_0] -filter {CELL_NAME=~"my_ila_instance"}]]
run_hw_ila [get_hw_ilas -of_objects [get_hw_devices xc7s25_0] -filter {CELL_NAME=~"my_ila_instance"}]
wait_on_hw_ila [get_hw_ilas -of_objects [get_hw_devices xc7s25_0] -filter {CELL_NAME=~"my_ila_instance"}]
display_hw_ila_data [upload_hw_ila_data [get_hw_ilas -of_objects [get_hw_devices xc7s25_0] -filter {CELL_NAME=~"my_ila_instance"}]]
run_hw_ila [get_hw_ilas -of_objects [get_hw_devices xc7s25_0] -filter {CELL_NAME=~"my_ila_instance"}]
wait_on_hw_ila [get_hw_ilas -of_objects [get_hw_devices xc7s25_0] -filter {CELL_NAME=~"my_ila_instance"}]
display_hw_ila_data [upload_hw_ila_data [get_hw_ilas -of_objects [get_hw_devices xc7s25_0] -filter {CELL_NAME=~"my_ila_instance"}]]
run_hw_ila [get_hw_ilas -of_objects [get_hw_devices xc7s25_0] -filter {CELL_NAME=~"my_ila_instance"}]
wait_on_hw_ila [get_hw_ilas -of_objects [get_hw_devices xc7s25_0] -filter {CELL_NAME=~"my_ila_instance"}]
display_hw_ila_data [upload_hw_ila_data [get_hw_ilas -of_objects [get_hw_devices xc7s25_0] -filter {CELL_NAME=~"my_ila_instance"}]]
run_hw_ila [get_hw_ilas -of_objects [get_hw_devices xc7s25_0] -filter {CELL_NAME=~"my_ila_instance"}]
wait_on_hw_ila [get_hw_ilas -of_objects [get_hw_devices xc7s25_0] -filter {CELL_NAME=~"my_ila_instance"}]
display_hw_ila_data [upload_hw_ila_data [get_hw_ilas -of_objects [get_hw_devices xc7s25_0] -filter {CELL_NAME=~"my_ila_instance"}]]
run_hw_ila [get_hw_ilas -of_objects [get_hw_devices xc7s25_0] -filter {CELL_NAME=~"my_ila_instance"}]
wait_on_hw_ila [get_hw_ilas -of_objects [get_hw_devices xc7s25_0] -filter {CELL_NAME=~"my_ila_instance"}]
display_hw_ila_data [upload_hw_ila_data [get_hw_ilas -of_objects [get_hw_devices xc7s25_0] -filter {CELL_NAME=~"my_ila_instance"}]]
run_hw_ila [get_hw_ilas -of_objects [get_hw_devices xc7s25_0] -filter {CELL_NAME=~"my_ila_instance"}]
wait_on_hw_ila [get_hw_ilas -of_objects [get_hw_devices xc7s25_0] -filter {CELL_NAME=~"my_ila_instance"}]
display_hw_ila_data [upload_hw_ila_data [get_hw_ilas -of_objects [get_hw_devices xc7s25_0] -filter {CELL_NAME=~"my_ila_instance"}]]
run_hw_ila [get_hw_ilas -of_objects [get_hw_devices xc7s25_0] -filter {CELL_NAME=~"my_ila_instance"}]
wait_on_hw_ila [get_hw_ilas -of_objects [get_hw_devices xc7s25_0] -filter {CELL_NAME=~"my_ila_instance"}]
display_hw_ila_data [upload_hw_ila_data [get_hw_ilas -of_objects [get_hw_devices xc7s25_0] -filter {CELL_NAME=~"my_ila_instance"}]]
run_hw_ila [get_hw_ilas -of_objects [get_hw_devices xc7s25_0] -filter {CELL_NAME=~"my_ila_instance"}]
wait_on_hw_ila [get_hw_ilas -of_objects [get_hw_devices xc7s25_0] -filter {CELL_NAME=~"my_ila_instance"}]
display_hw_ila_data [upload_hw_ila_data [get_hw_ilas -of_objects [get_hw_devices xc7s25_0] -filter {CELL_NAME=~"my_ila_instance"}]]
run_hw_ila [get_hw_ilas -of_objects [get_hw_devices xc7s25_0] -filter {CELL_NAME=~"my_ila_instance"}]
wait_on_hw_ila [get_hw_ilas -of_objects [get_hw_devices xc7s25_0] -filter {CELL_NAME=~"my_ila_instance"}]
display_hw_ila_data [upload_hw_ila_data [get_hw_ilas -of_objects [get_hw_devices xc7s25_0] -filter {CELL_NAME=~"my_ila_instance"}]]
run_hw_ila [get_hw_ilas -of_objects [get_hw_devices xc7s25_0] -filter {CELL_NAME=~"my_ila_instance"}]
wait_on_hw_ila [get_hw_ilas -of_objects [get_hw_devices xc7s25_0] -filter {CELL_NAME=~"my_ila_instance"}]
display_hw_ila_data [upload_hw_ila_data [get_hw_ilas -of_objects [get_hw_devices xc7s25_0] -filter {CELL_NAME=~"my_ila_instance"}]]
run_hw_ila [get_hw_ilas -of_objects [get_hw_devices xc7s25_0] -filter {CELL_NAME=~"my_ila_instance"}]
wait_on_hw_ila [get_hw_ilas -of_objects [get_hw_devices xc7s25_0] -filter {CELL_NAME=~"my_ila_instance"}]
display_hw_ila_data [upload_hw_ila_data [get_hw_ilas -of_objects [get_hw_devices xc7s25_0] -filter {CELL_NAME=~"my_ila_instance"}]]
run_hw_ila [get_hw_ilas -of_objects [get_hw_devices xc7s25_0] -filter {CELL_NAME=~"my_ila_instance"}]
wait_on_hw_ila [get_hw_ilas -of_objects [get_hw_devices xc7s25_0] -filter {CELL_NAME=~"my_ila_instance"}]
display_hw_ila_data [upload_hw_ila_data [get_hw_ilas -of_objects [get_hw_devices xc7s25_0] -filter {CELL_NAME=~"my_ila_instance"}]]
run_hw_ila [get_hw_ilas -of_objects [get_hw_devices xc7s25_0] -filter {CELL_NAME=~"my_ila_instance"}]
wait_on_hw_ila [get_hw_ilas -of_objects [get_hw_devices xc7s25_0] -filter {CELL_NAME=~"my_ila_instance"}]
display_hw_ila_data [upload_hw_ila_data [get_hw_ilas -of_objects [get_hw_devices xc7s25_0] -filter {CELL_NAME=~"my_ila_instance"}]]
run_hw_ila [get_hw_ilas -of_objects [get_hw_devices xc7s25_0] -filter {CELL_NAME=~"my_ila_instance"}]
wait_on_hw_ila [get_hw_ilas -of_objects [get_hw_devices xc7s25_0] -filter {CELL_NAME=~"my_ila_instance"}]
display_hw_ila_data [upload_hw_ila_data [get_hw_ilas -of_objects [get_hw_devices xc7s25_0] -filter {CELL_NAME=~"my_ila_instance"}]]
run_hw_ila [get_hw_ilas -of_objects [get_hw_devices xc7s25_0] -filter {CELL_NAME=~"my_ila_instance"}]
wait_on_hw_ila [get_hw_ilas -of_objects [get_hw_devices xc7s25_0] -filter {CELL_NAME=~"my_ila_instance"}]
display_hw_ila_data [upload_hw_ila_data [get_hw_ilas -of_objects [get_hw_devices xc7s25_0] -filter {CELL_NAME=~"my_ila_instance"}]]
run_hw_ila [get_hw_ilas -of_objects [get_hw_devices xc7s25_0] -filter {CELL_NAME=~"my_ila_instance"}]
wait_on_hw_ila [get_hw_ilas -of_objects [get_hw_devices xc7s25_0] -filter {CELL_NAME=~"my_ila_instance"}]
display_hw_ila_data [upload_hw_ila_data [get_hw_ilas -of_objects [get_hw_devices xc7s25_0] -filter {CELL_NAME=~"my_ila_instance"}]]
run_hw_ila [get_hw_ilas -of_objects [get_hw_devices xc7s25_0] -filter {CELL_NAME=~"my_ila_instance"}]
wait_on_hw_ila [get_hw_ilas -of_objects [get_hw_devices xc7s25_0] -filter {CELL_NAME=~"my_ila_instance"}]
display_hw_ila_data [upload_hw_ila_data [get_hw_ilas -of_objects [get_hw_devices xc7s25_0] -filter {CELL_NAME=~"my_ila_instance"}]]
run_hw_ila [get_hw_ilas -of_objects [get_hw_devices xc7s25_0] -filter {CELL_NAME=~"my_ila_instance"}]
wait_on_hw_ila [get_hw_ilas -of_objects [get_hw_devices xc7s25_0] -filter {CELL_NAME=~"my_ila_instance"}]
display_hw_ila_data [upload_hw_ila_data [get_hw_ilas -of_objects [get_hw_devices xc7s25_0] -filter {CELL_NAME=~"my_ila_instance"}]]
run_hw_ila [get_hw_ilas -of_objects [get_hw_devices xc7s25_0] -filter {CELL_NAME=~"my_ila_instance"}]
wait_on_hw_ila [get_hw_ilas -of_objects [get_hw_devices xc7s25_0] -filter {CELL_NAME=~"my_ila_instance"}]
display_hw_ila_data [upload_hw_ila_data [get_hw_ilas -of_objects [get_hw_devices xc7s25_0] -filter {CELL_NAME=~"my_ila_instance"}]]
run_hw_ila [get_hw_ilas -of_objects [get_hw_devices xc7s25_0] -filter {CELL_NAME=~"my_ila_instance"}]
wait_on_hw_ila [get_hw_ilas -of_objects [get_hw_devices xc7s25_0] -filter {CELL_NAME=~"my_ila_instance"}]
display_hw_ila_data [upload_hw_ila_data [get_hw_ilas -of_objects [get_hw_devices xc7s25_0] -filter {CELL_NAME=~"my_ila_instance"}]]
run_hw_ila [get_hw_ilas -of_objects [get_hw_devices xc7s25_0] -filter {CELL_NAME=~"my_ila_instance"}]
wait_on_hw_ila [get_hw_ilas -of_objects [get_hw_devices xc7s25_0] -filter {CELL_NAME=~"my_ila_instance"}]
display_hw_ila_data [upload_hw_ila_data [get_hw_ilas -of_objects [get_hw_devices xc7s25_0] -filter {CELL_NAME=~"my_ila_instance"}]]
run_hw_ila [get_hw_ilas -of_objects [get_hw_devices xc7s25_0] -filter {CELL_NAME=~"my_ila_instance"}]
wait_on_hw_ila [get_hw_ilas -of_objects [get_hw_devices xc7s25_0] -filter {CELL_NAME=~"my_ila_instance"}]
display_hw_ila_data [upload_hw_ila_data [get_hw_ilas -of_objects [get_hw_devices xc7s25_0] -filter {CELL_NAME=~"my_ila_instance"}]]
run_hw_ila [get_hw_ilas -of_objects [get_hw_devices xc7s25_0] -filter {CELL_NAME=~"my_ila_instance"}]
wait_on_hw_ila [get_hw_ilas -of_objects [get_hw_devices xc7s25_0] -filter {CELL_NAME=~"my_ila_instance"}]
display_hw_ila_data [upload_hw_ila_data [get_hw_ilas -of_objects [get_hw_devices xc7s25_0] -filter {CELL_NAME=~"my_ila_instance"}]]
run_hw_ila [get_hw_ilas -of_objects [get_hw_devices xc7s25_0] -filter {CELL_NAME=~"my_ila_instance"}]
wait_on_hw_ila [get_hw_ilas -of_objects [get_hw_devices xc7s25_0] -filter {CELL_NAME=~"my_ila_instance"}]
display_hw_ila_data [upload_hw_ila_data [get_hw_ilas -of_objects [get_hw_devices xc7s25_0] -filter {CELL_NAME=~"my_ila_instance"}]]
run_hw_ila [get_hw_ilas -of_objects [get_hw_devices xc7s25_0] -filter {CELL_NAME=~"my_ila_instance"}]
wait_on_hw_ila [get_hw_ilas -of_objects [get_hw_devices xc7s25_0] -filter {CELL_NAME=~"my_ila_instance"}]
display_hw_ila_data [upload_hw_ila_data [get_hw_ilas -of_objects [get_hw_devices xc7s25_0] -filter {CELL_NAME=~"my_ila_instance"}]]
run_hw_ila [get_hw_ilas -of_objects [get_hw_devices xc7s25_0] -filter {CELL_NAME=~"my_ila_instance"}]
wait_on_hw_ila [get_hw_ilas -of_objects [get_hw_devices xc7s25_0] -filter {CELL_NAME=~"my_ila_instance"}]
display_hw_ila_data [upload_hw_ila_data [get_hw_ilas -of_objects [get_hw_devices xc7s25_0] -filter {CELL_NAME=~"my_ila_instance"}]]
run_hw_ila [get_hw_ilas -of_objects [get_hw_devices xc7s25_0] -filter {CELL_NAME=~"my_ila_instance"}]
wait_on_hw_ila [get_hw_ilas -of_objects [get_hw_devices xc7s25_0] -filter {CELL_NAME=~"my_ila_instance"}]
display_hw_ila_data [upload_hw_ila_data [get_hw_ilas -of_objects [get_hw_devices xc7s25_0] -filter {CELL_NAME=~"my_ila_instance"}]]
run_hw_ila [get_hw_ilas -of_objects [get_hw_devices xc7s25_0] -filter {CELL_NAME=~"my_ila_instance"}]
wait_on_hw_ila [get_hw_ilas -of_objects [get_hw_devices xc7s25_0] -filter {CELL_NAME=~"my_ila_instance"}]
display_hw_ila_data [upload_hw_ila_data [get_hw_ilas -of_objects [get_hw_devices xc7s25_0] -filter {CELL_NAME=~"my_ila_instance"}]]
run_hw_ila [get_hw_ilas -of_objects [get_hw_devices xc7s25_0] -filter {CELL_NAME=~"my_ila_instance"}]
wait_on_hw_ila [get_hw_ilas -of_objects [get_hw_devices xc7s25_0] -filter {CELL_NAME=~"my_ila_instance"}]
display_hw_ila_data [upload_hw_ila_data [get_hw_ilas -of_objects [get_hw_devices xc7s25_0] -filter {CELL_NAME=~"my_ila_instance"}]]
run_hw_ila [get_hw_ilas -of_objects [get_hw_devices xc7s25_0] -filter {CELL_NAME=~"my_ila_instance"}]
wait_on_hw_ila [get_hw_ilas -of_objects [get_hw_devices xc7s25_0] -filter {CELL_NAME=~"my_ila_instance"}]
display_hw_ila_data [upload_hw_ila_data [get_hw_ilas -of_objects [get_hw_devices xc7s25_0] -filter {CELL_NAME=~"my_ila_instance"}]]
run_hw_ila [get_hw_ilas -of_objects [get_hw_devices xc7s25_0] -filter {CELL_NAME=~"my_ila_instance"}]
wait_on_hw_ila [get_hw_ilas -of_objects [get_hw_devices xc7s25_0] -filter {CELL_NAME=~"my_ila_instance"}]
display_hw_ila_data [upload_hw_ila_data [get_hw_ilas -of_objects [get_hw_devices xc7s25_0] -filter {CELL_NAME=~"my_ila_instance"}]]
run_hw_ila [get_hw_ilas -of_objects [get_hw_devices xc7s25_0] -filter {CELL_NAME=~"my_ila_instance"}]
wait_on_hw_ila [get_hw_ilas -of_objects [get_hw_devices xc7s25_0] -filter {CELL_NAME=~"my_ila_instance"}]
display_hw_ila_data [upload_hw_ila_data [get_hw_ilas -of_objects [get_hw_devices xc7s25_0] -filter {CELL_NAME=~"my_ila_instance"}]]
run_hw_ila [get_hw_ilas -of_objects [get_hw_devices xc7s25_0] -filter {CELL_NAME=~"my_ila_instance"}]
wait_on_hw_ila [get_hw_ilas -of_objects [get_hw_devices xc7s25_0] -filter {CELL_NAME=~"my_ila_instance"}]
display_hw_ila_data [upload_hw_ila_data [get_hw_ilas -of_objects [get_hw_devices xc7s25_0] -filter {CELL_NAME=~"my_ila_instance"}]]
run_hw_ila [get_hw_ilas -of_objects [get_hw_devices xc7s25_0] -filter {CELL_NAME=~"my_ila_instance"}]
wait_on_hw_ila [get_hw_ilas -of_objects [get_hw_devices xc7s25_0] -filter {CELL_NAME=~"my_ila_instance"}]
display_hw_ila_data [upload_hw_ila_data [get_hw_ilas -of_objects [get_hw_devices xc7s25_0] -filter {CELL_NAME=~"my_ila_instance"}]]
run_hw_ila [get_hw_ilas -of_objects [get_hw_devices xc7s25_0] -filter {CELL_NAME=~"my_ila_instance"}]
wait_on_hw_ila [get_hw_ilas -of_objects [get_hw_devices xc7s25_0] -filter {CELL_NAME=~"my_ila_instance"}]
display_hw_ila_data [upload_hw_ila_data [get_hw_ilas -of_objects [get_hw_devices xc7s25_0] -filter {CELL_NAME=~"my_ila_instance"}]]
run_hw_ila [get_hw_ilas -of_objects [get_hw_devices xc7s25_0] -filter {CELL_NAME=~"my_ila_instance"}]
wait_on_hw_ila [get_hw_ilas -of_objects [get_hw_devices xc7s25_0] -filter {CELL_NAME=~"my_ila_instance"}]
display_hw_ila_data [upload_hw_ila_data [get_hw_ilas -of_objects [get_hw_devices xc7s25_0] -filter {CELL_NAME=~"my_ila_instance"}]]
run_hw_ila [get_hw_ilas -of_objects [get_hw_devices xc7s25_0] -filter {CELL_NAME=~"my_ila_instance"}]
wait_on_hw_ila [get_hw_ilas -of_objects [get_hw_devices xc7s25_0] -filter {CELL_NAME=~"my_ila_instance"}]
display_hw_ila_data [upload_hw_ila_data [get_hw_ilas -of_objects [get_hw_devices xc7s25_0] -filter {CELL_NAME=~"my_ila_instance"}]]
run_hw_ila [get_hw_ilas -of_objects [get_hw_devices xc7s25_0] -filter {CELL_NAME=~"my_ila_instance"}]
wait_on_hw_ila [get_hw_ilas -of_objects [get_hw_devices xc7s25_0] -filter {CELL_NAME=~"my_ila_instance"}]
display_hw_ila_data [upload_hw_ila_data [get_hw_ilas -of_objects [get_hw_devices xc7s25_0] -filter {CELL_NAME=~"my_ila_instance"}]]
run_hw_ila [get_hw_ilas -of_objects [get_hw_devices xc7s25_0] -filter {CELL_NAME=~"my_ila_instance"}]
wait_on_hw_ila [get_hw_ilas -of_objects [get_hw_devices xc7s25_0] -filter {CELL_NAME=~"my_ila_instance"}]
display_hw_ila_data [upload_hw_ila_data [get_hw_ilas -of_objects [get_hw_devices xc7s25_0] -filter {CELL_NAME=~"my_ila_instance"}]]
run_hw_ila [get_hw_ilas -of_objects [get_hw_devices xc7s25_0] -filter {CELL_NAME=~"my_ila_instance"}]
wait_on_hw_ila [get_hw_ilas -of_objects [get_hw_devices xc7s25_0] -filter {CELL_NAME=~"my_ila_instance"}]
display_hw_ila_data [upload_hw_ila_data [get_hw_ilas -of_objects [get_hw_devices xc7s25_0] -filter {CELL_NAME=~"my_ila_instance"}]]
run_hw_ila [get_hw_ilas -of_objects [get_hw_devices xc7s25_0] -filter {CELL_NAME=~"my_ila_instance"}]
wait_on_hw_ila [get_hw_ilas -of_objects [get_hw_devices xc7s25_0] -filter {CELL_NAME=~"my_ila_instance"}]
display_hw_ila_data [upload_hw_ila_data [get_hw_ilas -of_objects [get_hw_devices xc7s25_0] -filter {CELL_NAME=~"my_ila_instance"}]]
run_hw_ila [get_hw_ilas -of_objects [get_hw_devices xc7s25_0] -filter {CELL_NAME=~"my_ila_instance"}]
wait_on_hw_ila [get_hw_ilas -of_objects [get_hw_devices xc7s25_0] -filter {CELL_NAME=~"my_ila_instance"}]
display_hw_ila_data [upload_hw_ila_data [get_hw_ilas -of_objects [get_hw_devices xc7s25_0] -filter {CELL_NAME=~"my_ila_instance"}]]
run_hw_ila [get_hw_ilas -of_objects [get_hw_devices xc7s25_0] -filter {CELL_NAME=~"my_ila_instance"}]
wait_on_hw_ila [get_hw_ilas -of_objects [get_hw_devices xc7s25_0] -filter {CELL_NAME=~"my_ila_instance"}]
display_hw_ila_data [upload_hw_ila_data [get_hw_ilas -of_objects [get_hw_devices xc7s25_0] -filter {CELL_NAME=~"my_ila_instance"}]]
run_hw_ila [get_hw_ilas -of_objects [get_hw_devices xc7s25_0] -filter {CELL_NAME=~"my_ila_instance"}]
wait_on_hw_ila [get_hw_ilas -of_objects [get_hw_devices xc7s25_0] -filter {CELL_NAME=~"my_ila_instance"}]
display_hw_ila_data [upload_hw_ila_data [get_hw_ilas -of_objects [get_hw_devices xc7s25_0] -filter {CELL_NAME=~"my_ila_instance"}]]
run_hw_ila [get_hw_ilas -of_objects [get_hw_devices xc7s25_0] -filter {CELL_NAME=~"my_ila_instance"}]
wait_on_hw_ila [get_hw_ilas -of_objects [get_hw_devices xc7s25_0] -filter {CELL_NAME=~"my_ila_instance"}]
display_hw_ila_data [upload_hw_ila_data [get_hw_ilas -of_objects [get_hw_devices xc7s25_0] -filter {CELL_NAME=~"my_ila_instance"}]]
run_hw_ila [get_hw_ilas -of_objects [get_hw_devices xc7s25_0] -filter {CELL_NAME=~"my_ila_instance"}]
wait_on_hw_ila [get_hw_ilas -of_objects [get_hw_devices xc7s25_0] -filter {CELL_NAME=~"my_ila_instance"}]
display_hw_ila_data [upload_hw_ila_data [get_hw_ilas -of_objects [get_hw_devices xc7s25_0] -filter {CELL_NAME=~"my_ila_instance"}]]
run_hw_ila [get_hw_ilas -of_objects [get_hw_devices xc7s25_0] -filter {CELL_NAME=~"my_ila_instance"}]
wait_on_hw_ila [get_hw_ilas -of_objects [get_hw_devices xc7s25_0] -filter {CELL_NAME=~"my_ila_instance"}]
display_hw_ila_data [upload_hw_ila_data [get_hw_ilas -of_objects [get_hw_devices xc7s25_0] -filter {CELL_NAME=~"my_ila_instance"}]]
run_hw_ila [get_hw_ilas -of_objects [get_hw_devices xc7s25_0] -filter {CELL_NAME=~"my_ila_instance"}]
wait_on_hw_ila [get_hw_ilas -of_objects [get_hw_devices xc7s25_0] -filter {CELL_NAME=~"my_ila_instance"}]
display_hw_ila_data [upload_hw_ila_data [get_hw_ilas -of_objects [get_hw_devices xc7s25_0] -filter {CELL_NAME=~"my_ila_instance"}]]
run_hw_ila [get_hw_ilas -of_objects [get_hw_devices xc7s25_0] -filter {CELL_NAME=~"my_ila_instance"}]
wait_on_hw_ila [get_hw_ilas -of_objects [get_hw_devices xc7s25_0] -filter {CELL_NAME=~"my_ila_instance"}]
display_hw_ila_data [upload_hw_ila_data [get_hw_ilas -of_objects [get_hw_devices xc7s25_0] -filter {CELL_NAME=~"my_ila_instance"}]]
run_hw_ila [get_hw_ilas -of_objects [get_hw_devices xc7s25_0] -filter {CELL_NAME=~"my_ila_instance"}]
wait_on_hw_ila [get_hw_ilas -of_objects [get_hw_devices xc7s25_0] -filter {CELL_NAME=~"my_ila_instance"}]
display_hw_ila_data [upload_hw_ila_data [get_hw_ilas -of_objects [get_hw_devices xc7s25_0] -filter {CELL_NAME=~"my_ila_instance"}]]
run_hw_ila [get_hw_ilas -of_objects [get_hw_devices xc7s25_0] -filter {CELL_NAME=~"my_ila_instance"}]
wait_on_hw_ila [get_hw_ilas -of_objects [get_hw_devices xc7s25_0] -filter {CELL_NAME=~"my_ila_instance"}]
display_hw_ila_data [upload_hw_ila_data [get_hw_ilas -of_objects [get_hw_devices xc7s25_0] -filter {CELL_NAME=~"my_ila_instance"}]]
run_hw_ila [get_hw_ilas -of_objects [get_hw_devices xc7s25_0] -filter {CELL_NAME=~"my_ila_instance"}]
wait_on_hw_ila [get_hw_ilas -of_objects [get_hw_devices xc7s25_0] -filter {CELL_NAME=~"my_ila_instance"}]
display_hw_ila_data [upload_hw_ila_data [get_hw_ilas -of_objects [get_hw_devices xc7s25_0] -filter {CELL_NAME=~"my_ila_instance"}]]
run_hw_ila [get_hw_ilas -of_objects [get_hw_devices xc7s25_0] -filter {CELL_NAME=~"my_ila_instance"}]
wait_on_hw_ila [get_hw_ilas -of_objects [get_hw_devices xc7s25_0] -filter {CELL_NAME=~"my_ila_instance"}]
display_hw_ila_data [upload_hw_ila_data [get_hw_ilas -of_objects [get_hw_devices xc7s25_0] -filter {CELL_NAME=~"my_ila_instance"}]]
run_hw_ila [get_hw_ilas -of_objects [get_hw_devices xc7s25_0] -filter {CELL_NAME=~"my_ila_instance"}]
wait_on_hw_ila [get_hw_ilas -of_objects [get_hw_devices xc7s25_0] -filter {CELL_NAME=~"my_ila_instance"}]
display_hw_ila_data [upload_hw_ila_data [get_hw_ilas -of_objects [get_hw_devices xc7s25_0] -filter {CELL_NAME=~"my_ila_instance"}]]
run_hw_ila [get_hw_ilas -of_objects [get_hw_devices xc7s25_0] -filter {CELL_NAME=~"my_ila_instance"}]
wait_on_hw_ila [get_hw_ilas -of_objects [get_hw_devices xc7s25_0] -filter {CELL_NAME=~"my_ila_instance"}]
display_hw_ila_data [upload_hw_ila_data [get_hw_ilas -of_objects [get_hw_devices xc7s25_0] -filter {CELL_NAME=~"my_ila_instance"}]]
run_hw_ila [get_hw_ilas -of_objects [get_hw_devices xc7s25_0] -filter {CELL_NAME=~"my_ila_instance"}]
wait_on_hw_ila [get_hw_ilas -of_objects [get_hw_devices xc7s25_0] -filter {CELL_NAME=~"my_ila_instance"}]
display_hw_ila_data [upload_hw_ila_data [get_hw_ilas -of_objects [get_hw_devices xc7s25_0] -filter {CELL_NAME=~"my_ila_instance"}]]
reset_run impl_1
run_hw_ila [get_hw_ilas -of_objects [get_hw_devices xc7s25_0] -filter {CELL_NAME=~"my_ila_instance"}]
wait_on_hw_ila [get_hw_ilas -of_objects [get_hw_devices xc7s25_0] -filter {CELL_NAME=~"my_ila_instance"}]
display_hw_ila_data [upload_hw_ila_data [get_hw_ilas -of_objects [get_hw_devices xc7s25_0] -filter {CELL_NAME=~"my_ila_instance"}]]
run_hw_ila [get_hw_ilas -of_objects [get_hw_devices xc7s25_0] -filter {CELL_NAME=~"my_ila_instance"}]
launch_runs impl_1 -jobs 2
wait_on_run impl_1
wait_on_hw_ila [get_hw_ilas -of_objects [get_hw_devices xc7s25_0] -filter {CELL_NAME=~"my_ila_instance"}]
display_hw_ila_data [upload_hw_ila_data [get_hw_ilas -of_objects [get_hw_devices xc7s25_0] -filter {CELL_NAME=~"my_ila_instance"}]]
run_hw_ila [get_hw_ilas -of_objects [get_hw_devices xc7s25_0] -filter {CELL_NAME=~"my_ila_instance"}]
wait_on_hw_ila [get_hw_ilas -of_objects [get_hw_devices xc7s25_0] -filter {CELL_NAME=~"my_ila_instance"}]
display_hw_ila_data [upload_hw_ila_data [get_hw_ilas -of_objects [get_hw_devices xc7s25_0] -filter {CELL_NAME=~"my_ila_instance"}]]
run_hw_ila [get_hw_ilas -of_objects [get_hw_devices xc7s25_0] -filter {CELL_NAME=~"my_ila_instance"}]
wait_on_hw_ila [get_hw_ilas -of_objects [get_hw_devices xc7s25_0] -filter {CELL_NAME=~"my_ila_instance"}]
display_hw_ila_data [upload_hw_ila_data [get_hw_ilas -of_objects [get_hw_devices xc7s25_0] -filter {CELL_NAME=~"my_ila_instance"}]]
run_hw_ila [get_hw_ilas -of_objects [get_hw_devices xc7s25_0] -filter {CELL_NAME=~"my_ila_instance"}]
wait_on_hw_ila [get_hw_ilas -of_objects [get_hw_devices xc7s25_0] -filter {CELL_NAME=~"my_ila_instance"}]
display_hw_ila_data [upload_hw_ila_data [get_hw_ilas -of_objects [get_hw_devices xc7s25_0] -filter {CELL_NAME=~"my_ila_instance"}]]
run_hw_ila [get_hw_ilas -of_objects [get_hw_devices xc7s25_0] -filter {CELL_NAME=~"my_ila_instance"}]
wait_on_hw_ila [get_hw_ilas -of_objects [get_hw_devices xc7s25_0] -filter {CELL_NAME=~"my_ila_instance"}]
display_hw_ila_data [upload_hw_ila_data [get_hw_ilas -of_objects [get_hw_devices xc7s25_0] -filter {CELL_NAME=~"my_ila_instance"}]]
run_hw_ila [get_hw_ilas -of_objects [get_hw_devices xc7s25_0] -filter {CELL_NAME=~"my_ila_instance"}]
wait_on_hw_ila [get_hw_ilas -of_objects [get_hw_devices xc7s25_0] -filter {CELL_NAME=~"my_ila_instance"}]
display_hw_ila_data [upload_hw_ila_data [get_hw_ilas -of_objects [get_hw_devices xc7s25_0] -filter {CELL_NAME=~"my_ila_instance"}]]
run_hw_ila [get_hw_ilas -of_objects [get_hw_devices xc7s25_0] -filter {CELL_NAME=~"my_ila_instance"}]
wait_on_hw_ila [get_hw_ilas -of_objects [get_hw_devices xc7s25_0] -filter {CELL_NAME=~"my_ila_instance"}]
display_hw_ila_data [upload_hw_ila_data [get_hw_ilas -of_objects [get_hw_devices xc7s25_0] -filter {CELL_NAME=~"my_ila_instance"}]]
run_hw_ila [get_hw_ilas -of_objects [get_hw_devices xc7s25_0] -filter {CELL_NAME=~"my_ila_instance"}]
wait_on_hw_ila [get_hw_ilas -of_objects [get_hw_devices xc7s25_0] -filter {CELL_NAME=~"my_ila_instance"}]
display_hw_ila_data [upload_hw_ila_data [get_hw_ilas -of_objects [get_hw_devices xc7s25_0] -filter {CELL_NAME=~"my_ila_instance"}]]
run_hw_ila [get_hw_ilas -of_objects [get_hw_devices xc7s25_0] -filter {CELL_NAME=~"my_ila_instance"}]
wait_on_hw_ila [get_hw_ilas -of_objects [get_hw_devices xc7s25_0] -filter {CELL_NAME=~"my_ila_instance"}]
display_hw_ila_data [upload_hw_ila_data [get_hw_ilas -of_objects [get_hw_devices xc7s25_0] -filter {CELL_NAME=~"my_ila_instance"}]]
run_hw_ila [get_hw_ilas -of_objects [get_hw_devices xc7s25_0] -filter {CELL_NAME=~"my_ila_instance"}]
wait_on_hw_ila [get_hw_ilas -of_objects [get_hw_devices xc7s25_0] -filter {CELL_NAME=~"my_ila_instance"}]
display_hw_ila_data [upload_hw_ila_data [get_hw_ilas -of_objects [get_hw_devices xc7s25_0] -filter {CELL_NAME=~"my_ila_instance"}]]
run_hw_ila [get_hw_ilas -of_objects [get_hw_devices xc7s25_0] -filter {CELL_NAME=~"my_ila_instance"}]
wait_on_hw_ila [get_hw_ilas -of_objects [get_hw_devices xc7s25_0] -filter {CELL_NAME=~"my_ila_instance"}]
display_hw_ila_data [upload_hw_ila_data [get_hw_ilas -of_objects [get_hw_devices xc7s25_0] -filter {CELL_NAME=~"my_ila_instance"}]]
run_hw_ila [get_hw_ilas -of_objects [get_hw_devices xc7s25_0] -filter {CELL_NAME=~"my_ila_instance"}]
wait_on_hw_ila [get_hw_ilas -of_objects [get_hw_devices xc7s25_0] -filter {CELL_NAME=~"my_ila_instance"}]
display_hw_ila_data [upload_hw_ila_data [get_hw_ilas -of_objects [get_hw_devices xc7s25_0] -filter {CELL_NAME=~"my_ila_instance"}]]
run_hw_ila [get_hw_ilas -of_objects [get_hw_devices xc7s25_0] -filter {CELL_NAME=~"my_ila_instance"}]
wait_on_hw_ila [get_hw_ilas -of_objects [get_hw_devices xc7s25_0] -filter {CELL_NAME=~"my_ila_instance"}]
display_hw_ila_data [upload_hw_ila_data [get_hw_ilas -of_objects [get_hw_devices xc7s25_0] -filter {CELL_NAME=~"my_ila_instance"}]]
run_hw_ila [get_hw_ilas -of_objects [get_hw_devices xc7s25_0] -filter {CELL_NAME=~"my_ila_instance"}]
wait_on_hw_ila [get_hw_ilas -of_objects [get_hw_devices xc7s25_0] -filter {CELL_NAME=~"my_ila_instance"}]
display_hw_ila_data [upload_hw_ila_data [get_hw_ilas -of_objects [get_hw_devices xc7s25_0] -filter {CELL_NAME=~"my_ila_instance"}]]
run_hw_ila [get_hw_ilas -of_objects [get_hw_devices xc7s25_0] -filter {CELL_NAME=~"my_ila_instance"}]
wait_on_hw_ila [get_hw_ilas -of_objects [get_hw_devices xc7s25_0] -filter {CELL_NAME=~"my_ila_instance"}]
display_hw_ila_data [upload_hw_ila_data [get_hw_ilas -of_objects [get_hw_devices xc7s25_0] -filter {CELL_NAME=~"my_ila_instance"}]]
run_hw_ila [get_hw_ilas -of_objects [get_hw_devices xc7s25_0] -filter {CELL_NAME=~"my_ila_instance"}]
wait_on_hw_ila [get_hw_ilas -of_objects [get_hw_devices xc7s25_0] -filter {CELL_NAME=~"my_ila_instance"}]
display_hw_ila_data [upload_hw_ila_data [get_hw_ilas -of_objects [get_hw_devices xc7s25_0] -filter {CELL_NAME=~"my_ila_instance"}]]
run_hw_ila [get_hw_ilas -of_objects [get_hw_devices xc7s25_0] -filter {CELL_NAME=~"my_ila_instance"}]
wait_on_hw_ila [get_hw_ilas -of_objects [get_hw_devices xc7s25_0] -filter {CELL_NAME=~"my_ila_instance"}]
display_hw_ila_data [upload_hw_ila_data [get_hw_ilas -of_objects [get_hw_devices xc7s25_0] -filter {CELL_NAME=~"my_ila_instance"}]]
run_hw_ila [get_hw_ilas -of_objects [get_hw_devices xc7s25_0] -filter {CELL_NAME=~"my_ila_instance"}]
wait_on_hw_ila [get_hw_ilas -of_objects [get_hw_devices xc7s25_0] -filter {CELL_NAME=~"my_ila_instance"}]
display_hw_ila_data [upload_hw_ila_data [get_hw_ilas -of_objects [get_hw_devices xc7s25_0] -filter {CELL_NAME=~"my_ila_instance"}]]
run_hw_ila [get_hw_ilas -of_objects [get_hw_devices xc7s25_0] -filter {CELL_NAME=~"my_ila_instance"}]
wait_on_hw_ila [get_hw_ilas -of_objects [get_hw_devices xc7s25_0] -filter {CELL_NAME=~"my_ila_instance"}]
display_hw_ila_data [upload_hw_ila_data [get_hw_ilas -of_objects [get_hw_devices xc7s25_0] -filter {CELL_NAME=~"my_ila_instance"}]]
run_hw_ila [get_hw_ilas -of_objects [get_hw_devices xc7s25_0] -filter {CELL_NAME=~"my_ila_instance"}]
wait_on_hw_ila [get_hw_ilas -of_objects [get_hw_devices xc7s25_0] -filter {CELL_NAME=~"my_ila_instance"}]
display_hw_ila_data [upload_hw_ila_data [get_hw_ilas -of_objects [get_hw_devices xc7s25_0] -filter {CELL_NAME=~"my_ila_instance"}]]
run_hw_ila [get_hw_ilas -of_objects [get_hw_devices xc7s25_0] -filter {CELL_NAME=~"my_ila_instance"}]
wait_on_hw_ila [get_hw_ilas -of_objects [get_hw_devices xc7s25_0] -filter {CELL_NAME=~"my_ila_instance"}]
display_hw_ila_data [upload_hw_ila_data [get_hw_ilas -of_objects [get_hw_devices xc7s25_0] -filter {CELL_NAME=~"my_ila_instance"}]]
run_hw_ila [get_hw_ilas -of_objects [get_hw_devices xc7s25_0] -filter {CELL_NAME=~"my_ila_instance"}]
wait_on_hw_ila [get_hw_ilas -of_objects [get_hw_devices xc7s25_0] -filter {CELL_NAME=~"my_ila_instance"}]
display_hw_ila_data [upload_hw_ila_data [get_hw_ilas -of_objects [get_hw_devices xc7s25_0] -filter {CELL_NAME=~"my_ila_instance"}]]
run_hw_ila [get_hw_ilas -of_objects [get_hw_devices xc7s25_0] -filter {CELL_NAME=~"my_ila_instance"}]
wait_on_hw_ila [get_hw_ilas -of_objects [get_hw_devices xc7s25_0] -filter {CELL_NAME=~"my_ila_instance"}]
display_hw_ila_data [upload_hw_ila_data [get_hw_ilas -of_objects [get_hw_devices xc7s25_0] -filter {CELL_NAME=~"my_ila_instance"}]]
run_hw_ila [get_hw_ilas -of_objects [get_hw_devices xc7s25_0] -filter {CELL_NAME=~"my_ila_instance"}]
wait_on_hw_ila [get_hw_ilas -of_objects [get_hw_devices xc7s25_0] -filter {CELL_NAME=~"my_ila_instance"}]
display_hw_ila_data [upload_hw_ila_data [get_hw_ilas -of_objects [get_hw_devices xc7s25_0] -filter {CELL_NAME=~"my_ila_instance"}]]
run_hw_ila [get_hw_ilas -of_objects [get_hw_devices xc7s25_0] -filter {CELL_NAME=~"my_ila_instance"}]
wait_on_hw_ila [get_hw_ilas -of_objects [get_hw_devices xc7s25_0] -filter {CELL_NAME=~"my_ila_instance"}]
display_hw_ila_data [upload_hw_ila_data [get_hw_ilas -of_objects [get_hw_devices xc7s25_0] -filter {CELL_NAME=~"my_ila_instance"}]]
run_hw_ila [get_hw_ilas -of_objects [get_hw_devices xc7s25_0] -filter {CELL_NAME=~"my_ila_instance"}]
wait_on_hw_ila [get_hw_ilas -of_objects [get_hw_devices xc7s25_0] -filter {CELL_NAME=~"my_ila_instance"}]
display_hw_ila_data [upload_hw_ila_data [get_hw_ilas -of_objects [get_hw_devices xc7s25_0] -filter {CELL_NAME=~"my_ila_instance"}]]
run_hw_ila [get_hw_ilas -of_objects [get_hw_devices xc7s25_0] -filter {CELL_NAME=~"my_ila_instance"}]
wait_on_hw_ila [get_hw_ilas -of_objects [get_hw_devices xc7s25_0] -filter {CELL_NAME=~"my_ila_instance"}]
display_hw_ila_data [upload_hw_ila_data [get_hw_ilas -of_objects [get_hw_devices xc7s25_0] -filter {CELL_NAME=~"my_ila_instance"}]]
run_hw_ila [get_hw_ilas -of_objects [get_hw_devices xc7s25_0] -filter {CELL_NAME=~"my_ila_instance"}]
wait_on_hw_ila [get_hw_ilas -of_objects [get_hw_devices xc7s25_0] -filter {CELL_NAME=~"my_ila_instance"}]
display_hw_ila_data [upload_hw_ila_data [get_hw_ilas -of_objects [get_hw_devices xc7s25_0] -filter {CELL_NAME=~"my_ila_instance"}]]
run_hw_ila [get_hw_ilas -of_objects [get_hw_devices xc7s25_0] -filter {CELL_NAME=~"my_ila_instance"}]
wait_on_hw_ila [get_hw_ilas -of_objects [get_hw_devices xc7s25_0] -filter {CELL_NAME=~"my_ila_instance"}]
display_hw_ila_data [upload_hw_ila_data [get_hw_ilas -of_objects [get_hw_devices xc7s25_0] -filter {CELL_NAME=~"my_ila_instance"}]]
run_hw_ila [get_hw_ilas -of_objects [get_hw_devices xc7s25_0] -filter {CELL_NAME=~"my_ila_instance"}]
wait_on_hw_ila [get_hw_ilas -of_objects [get_hw_devices xc7s25_0] -filter {CELL_NAME=~"my_ila_instance"}]
display_hw_ila_data [upload_hw_ila_data [get_hw_ilas -of_objects [get_hw_devices xc7s25_0] -filter {CELL_NAME=~"my_ila_instance"}]]
run_hw_ila [get_hw_ilas -of_objects [get_hw_devices xc7s25_0] -filter {CELL_NAME=~"my_ila_instance"}]
wait_on_hw_ila [get_hw_ilas -of_objects [get_hw_devices xc7s25_0] -filter {CELL_NAME=~"my_ila_instance"}]
display_hw_ila_data [upload_hw_ila_data [get_hw_ilas -of_objects [get_hw_devices xc7s25_0] -filter {CELL_NAME=~"my_ila_instance"}]]
run_hw_ila [get_hw_ilas -of_objects [get_hw_devices xc7s25_0] -filter {CELL_NAME=~"my_ila_instance"}]
wait_on_hw_ila [get_hw_ilas -of_objects [get_hw_devices xc7s25_0] -filter {CELL_NAME=~"my_ila_instance"}]
display_hw_ila_data [upload_hw_ila_data [get_hw_ilas -of_objects [get_hw_devices xc7s25_0] -filter {CELL_NAME=~"my_ila_instance"}]]
run_hw_ila [get_hw_ilas -of_objects [get_hw_devices xc7s25_0] -filter {CELL_NAME=~"my_ila_instance"}]
wait_on_hw_ila [get_hw_ilas -of_objects [get_hw_devices xc7s25_0] -filter {CELL_NAME=~"my_ila_instance"}]
display_hw_ila_data [upload_hw_ila_data [get_hw_ilas -of_objects [get_hw_devices xc7s25_0] -filter {CELL_NAME=~"my_ila_instance"}]]
run_hw_ila [get_hw_ilas -of_objects [get_hw_devices xc7s25_0] -filter {CELL_NAME=~"my_ila_instance"}]
wait_on_hw_ila [get_hw_ilas -of_objects [get_hw_devices xc7s25_0] -filter {CELL_NAME=~"my_ila_instance"}]
display_hw_ila_data [upload_hw_ila_data [get_hw_ilas -of_objects [get_hw_devices xc7s25_0] -filter {CELL_NAME=~"my_ila_instance"}]]
run_hw_ila [get_hw_ilas -of_objects [get_hw_devices xc7s25_0] -filter {CELL_NAME=~"my_ila_instance"}]
wait_on_hw_ila [get_hw_ilas -of_objects [get_hw_devices xc7s25_0] -filter {CELL_NAME=~"my_ila_instance"}]
display_hw_ila_data [upload_hw_ila_data [get_hw_ilas -of_objects [get_hw_devices xc7s25_0] -filter {CELL_NAME=~"my_ila_instance"}]]
run_hw_ila [get_hw_ilas -of_objects [get_hw_devices xc7s25_0] -filter {CELL_NAME=~"my_ila_instance"}]
wait_on_hw_ila [get_hw_ilas -of_objects [get_hw_devices xc7s25_0] -filter {CELL_NAME=~"my_ila_instance"}]
display_hw_ila_data [upload_hw_ila_data [get_hw_ilas -of_objects [get_hw_devices xc7s25_0] -filter {CELL_NAME=~"my_ila_instance"}]]
run_hw_ila [get_hw_ilas -of_objects [get_hw_devices xc7s25_0] -filter {CELL_NAME=~"my_ila_instance"}]
wait_on_hw_ila [get_hw_ilas -of_objects [get_hw_devices xc7s25_0] -filter {CELL_NAME=~"my_ila_instance"}]
display_hw_ila_data [upload_hw_ila_data [get_hw_ilas -of_objects [get_hw_devices xc7s25_0] -filter {CELL_NAME=~"my_ila_instance"}]]
run_hw_ila [get_hw_ilas -of_objects [get_hw_devices xc7s25_0] -filter {CELL_NAME=~"my_ila_instance"}]
wait_on_hw_ila [get_hw_ilas -of_objects [get_hw_devices xc7s25_0] -filter {CELL_NAME=~"my_ila_instance"}]
display_hw_ila_data [upload_hw_ila_data [get_hw_ilas -of_objects [get_hw_devices xc7s25_0] -filter {CELL_NAME=~"my_ila_instance"}]]
run_hw_ila [get_hw_ilas -of_objects [get_hw_devices xc7s25_0] -filter {CELL_NAME=~"my_ila_instance"}]
wait_on_hw_ila [get_hw_ilas -of_objects [get_hw_devices xc7s25_0] -filter {CELL_NAME=~"my_ila_instance"}]
display_hw_ila_data [upload_hw_ila_data [get_hw_ilas -of_objects [get_hw_devices xc7s25_0] -filter {CELL_NAME=~"my_ila_instance"}]]
run_hw_ila [get_hw_ilas -of_objects [get_hw_devices xc7s25_0] -filter {CELL_NAME=~"my_ila_instance"}]
wait_on_hw_ila [get_hw_ilas -of_objects [get_hw_devices xc7s25_0] -filter {CELL_NAME=~"my_ila_instance"}]
display_hw_ila_data [upload_hw_ila_data [get_hw_ilas -of_objects [get_hw_devices xc7s25_0] -filter {CELL_NAME=~"my_ila_instance"}]]
run_hw_ila [get_hw_ilas -of_objects [get_hw_devices xc7s25_0] -filter {CELL_NAME=~"my_ila_instance"}]
wait_on_hw_ila [get_hw_ilas -of_objects [get_hw_devices xc7s25_0] -filter {CELL_NAME=~"my_ila_instance"}]
display_hw_ila_data [upload_hw_ila_data [get_hw_ilas -of_objects [get_hw_devices xc7s25_0] -filter {CELL_NAME=~"my_ila_instance"}]]
run_hw_ila [get_hw_ilas -of_objects [get_hw_devices xc7s25_0] -filter {CELL_NAME=~"my_ila_instance"}]
wait_on_hw_ila [get_hw_ilas -of_objects [get_hw_devices xc7s25_0] -filter {CELL_NAME=~"my_ila_instance"}]
display_hw_ila_data [upload_hw_ila_data [get_hw_ilas -of_objects [get_hw_devices xc7s25_0] -filter {CELL_NAME=~"my_ila_instance"}]]
run_hw_ila [get_hw_ilas -of_objects [get_hw_devices xc7s25_0] -filter {CELL_NAME=~"my_ila_instance"}]
wait_on_hw_ila [get_hw_ilas -of_objects [get_hw_devices xc7s25_0] -filter {CELL_NAME=~"my_ila_instance"}]
display_hw_ila_data [upload_hw_ila_data [get_hw_ilas -of_objects [get_hw_devices xc7s25_0] -filter {CELL_NAME=~"my_ila_instance"}]]
run_hw_ila [get_hw_ilas -of_objects [get_hw_devices xc7s25_0] -filter {CELL_NAME=~"my_ila_instance"}]
wait_on_hw_ila [get_hw_ilas -of_objects [get_hw_devices xc7s25_0] -filter {CELL_NAME=~"my_ila_instance"}]
display_hw_ila_data [upload_hw_ila_data [get_hw_ilas -of_objects [get_hw_devices xc7s25_0] -filter {CELL_NAME=~"my_ila_instance"}]]
run_hw_ila [get_hw_ilas -of_objects [get_hw_devices xc7s25_0] -filter {CELL_NAME=~"my_ila_instance"}]
wait_on_hw_ila [get_hw_ilas -of_objects [get_hw_devices xc7s25_0] -filter {CELL_NAME=~"my_ila_instance"}]
display_hw_ila_data [upload_hw_ila_data [get_hw_ilas -of_objects [get_hw_devices xc7s25_0] -filter {CELL_NAME=~"my_ila_instance"}]]
run_hw_ila [get_hw_ilas -of_objects [get_hw_devices xc7s25_0] -filter {CELL_NAME=~"my_ila_instance"}]
wait_on_hw_ila [get_hw_ilas -of_objects [get_hw_devices xc7s25_0] -filter {CELL_NAME=~"my_ila_instance"}]
display_hw_ila_data [upload_hw_ila_data [get_hw_ilas -of_objects [get_hw_devices xc7s25_0] -filter {CELL_NAME=~"my_ila_instance"}]]
run_hw_ila [get_hw_ilas -of_objects [get_hw_devices xc7s25_0] -filter {CELL_NAME=~"my_ila_instance"}]
wait_on_hw_ila [get_hw_ilas -of_objects [get_hw_devices xc7s25_0] -filter {CELL_NAME=~"my_ila_instance"}]
display_hw_ila_data [upload_hw_ila_data [get_hw_ilas -of_objects [get_hw_devices xc7s25_0] -filter {CELL_NAME=~"my_ila_instance"}]]
run_hw_ila [get_hw_ilas -of_objects [get_hw_devices xc7s25_0] -filter {CELL_NAME=~"my_ila_instance"}]
wait_on_hw_ila [get_hw_ilas -of_objects [get_hw_devices xc7s25_0] -filter {CELL_NAME=~"my_ila_instance"}]
display_hw_ila_data [upload_hw_ila_data [get_hw_ilas -of_objects [get_hw_devices xc7s25_0] -filter {CELL_NAME=~"my_ila_instance"}]]
run_hw_ila [get_hw_ilas -of_objects [get_hw_devices xc7s25_0] -filter {CELL_NAME=~"my_ila_instance"}]
wait_on_hw_ila [get_hw_ilas -of_objects [get_hw_devices xc7s25_0] -filter {CELL_NAME=~"my_ila_instance"}]
display_hw_ila_data [upload_hw_ila_data [get_hw_ilas -of_objects [get_hw_devices xc7s25_0] -filter {CELL_NAME=~"my_ila_instance"}]]
run_hw_ila [get_hw_ilas -of_objects [get_hw_devices xc7s25_0] -filter {CELL_NAME=~"my_ila_instance"}]
wait_on_hw_ila [get_hw_ilas -of_objects [get_hw_devices xc7s25_0] -filter {CELL_NAME=~"my_ila_instance"}]
display_hw_ila_data [upload_hw_ila_data [get_hw_ilas -of_objects [get_hw_devices xc7s25_0] -filter {CELL_NAME=~"my_ila_instance"}]]
run_hw_ila [get_hw_ilas -of_objects [get_hw_devices xc7s25_0] -filter {CELL_NAME=~"my_ila_instance"}]
wait_on_hw_ila [get_hw_ilas -of_objects [get_hw_devices xc7s25_0] -filter {CELL_NAME=~"my_ila_instance"}]
display_hw_ila_data [upload_hw_ila_data [get_hw_ilas -of_objects [get_hw_devices xc7s25_0] -filter {CELL_NAME=~"my_ila_instance"}]]
run_hw_ila [get_hw_ilas -of_objects [get_hw_devices xc7s25_0] -filter {CELL_NAME=~"my_ila_instance"}]
wait_on_hw_ila [get_hw_ilas -of_objects [get_hw_devices xc7s25_0] -filter {CELL_NAME=~"my_ila_instance"}]
display_hw_ila_data [upload_hw_ila_data [get_hw_ilas -of_objects [get_hw_devices xc7s25_0] -filter {CELL_NAME=~"my_ila_instance"}]]
run_hw_ila [get_hw_ilas -of_objects [get_hw_devices xc7s25_0] -filter {CELL_NAME=~"my_ila_instance"}]
wait_on_hw_ila [get_hw_ilas -of_objects [get_hw_devices xc7s25_0] -filter {CELL_NAME=~"my_ila_instance"}]
display_hw_ila_data [upload_hw_ila_data [get_hw_ilas -of_objects [get_hw_devices xc7s25_0] -filter {CELL_NAME=~"my_ila_instance"}]]
run_hw_ila [get_hw_ilas -of_objects [get_hw_devices xc7s25_0] -filter {CELL_NAME=~"my_ila_instance"}]
wait_on_hw_ila [get_hw_ilas -of_objects [get_hw_devices xc7s25_0] -filter {CELL_NAME=~"my_ila_instance"}]
display_hw_ila_data [upload_hw_ila_data [get_hw_ilas -of_objects [get_hw_devices xc7s25_0] -filter {CELL_NAME=~"my_ila_instance"}]]
run_hw_ila [get_hw_ilas -of_objects [get_hw_devices xc7s25_0] -filter {CELL_NAME=~"my_ila_instance"}]
wait_on_hw_ila [get_hw_ilas -of_objects [get_hw_devices xc7s25_0] -filter {CELL_NAME=~"my_ila_instance"}]
display_hw_ila_data [upload_hw_ila_data [get_hw_ilas -of_objects [get_hw_devices xc7s25_0] -filter {CELL_NAME=~"my_ila_instance"}]]
run_hw_ila [get_hw_ilas -of_objects [get_hw_devices xc7s25_0] -filter {CELL_NAME=~"my_ila_instance"}]
wait_on_hw_ila [get_hw_ilas -of_objects [get_hw_devices xc7s25_0] -filter {CELL_NAME=~"my_ila_instance"}]
display_hw_ila_data [upload_hw_ila_data [get_hw_ilas -of_objects [get_hw_devices xc7s25_0] -filter {CELL_NAME=~"my_ila_instance"}]]
reset_run synth_1
launch_runs synth_1 -jobs 2
wait_on_run synth_1
launch_runs impl_1 -jobs 2
wait_on_run impl_1
launch_runs impl_1 -to_step write_bitstream -jobs 2
wait_on_run impl_1
refresh_hw_device [lindex [get_hw_devices xc7s25_0] 0]
set_property PROBES.FILE {E:/Dropbox/Rodgel/Projects/1402/Triangle-TeraHertz/vhdl code/Triangle_Terahertz_FPGA_Ver4.vhd.runs/impl_1/debug_nets.ltx} [get_hw_devices xc7s25_0]
set_property FULL_PROBES.FILE {E:/Dropbox/Rodgel/Projects/1402/Triangle-TeraHertz/vhdl code/Triangle_Terahertz_FPGA_Ver4.vhd.runs/impl_1/debug_nets.ltx} [get_hw_devices xc7s25_0]
set_property PROGRAM.FILE {E:/Dropbox/Rodgel/Projects/1402/Triangle-TeraHertz/vhdl code/Triangle_Terahertz_FPGA_Ver4.vhd.runs/impl_1/ComputeModule.bit} [get_hw_devices xc7s25_0]
program_hw_devices [get_hw_devices xc7s25_0]
refresh_hw_device [lindex [get_hw_devices xc7s25_0] 0]
display_hw_ila_data [ get_hw_ila_data hw_ila_data_1 -of_objects [get_hw_ilas -of_objects [get_hw_devices xc7s25_0] -filter {CELL_NAME=~"my_ila_instance"}]]
run_hw_ila [get_hw_ilas -of_objects [get_hw_devices xc7s25_0] -filter {CELL_NAME=~"my_ila_instance"}]
wait_on_hw_ila [get_hw_ilas -of_objects [get_hw_devices xc7s25_0] -filter {CELL_NAME=~"my_ila_instance"}]
display_hw_ila_data [upload_hw_ila_data [get_hw_ilas -of_objects [get_hw_devices xc7s25_0] -filter {CELL_NAME=~"my_ila_instance"}]]
run_hw_ila [get_hw_ilas -of_objects [get_hw_devices xc7s25_0] -filter {CELL_NAME=~"my_ila_instance"}]
wait_on_hw_ila [get_hw_ilas -of_objects [get_hw_devices xc7s25_0] -filter {CELL_NAME=~"my_ila_instance"}]
display_hw_ila_data [upload_hw_ila_data [get_hw_ilas -of_objects [get_hw_devices xc7s25_0] -filter {CELL_NAME=~"my_ila_instance"}]]
run_hw_ila [get_hw_ilas -of_objects [get_hw_devices xc7s25_0] -filter {CELL_NAME=~"my_ila_instance"}]
wait_on_hw_ila [get_hw_ilas -of_objects [get_hw_devices xc7s25_0] -filter {CELL_NAME=~"my_ila_instance"}]
display_hw_ila_data [upload_hw_ila_data [get_hw_ilas -of_objects [get_hw_devices xc7s25_0] -filter {CELL_NAME=~"my_ila_instance"}]]
run_hw_ila [get_hw_ilas -of_objects [get_hw_devices xc7s25_0] -filter {CELL_NAME=~"my_ila_instance"}]
wait_on_hw_ila [get_hw_ilas -of_objects [get_hw_devices xc7s25_0] -filter {CELL_NAME=~"my_ila_instance"}]
display_hw_ila_data [upload_hw_ila_data [get_hw_ilas -of_objects [get_hw_devices xc7s25_0] -filter {CELL_NAME=~"my_ila_instance"}]]
run_hw_ila [get_hw_ilas -of_objects [get_hw_devices xc7s25_0] -filter {CELL_NAME=~"my_ila_instance"}] -trigger_now
wait_on_hw_ila [get_hw_ilas -of_objects [get_hw_devices xc7s25_0] -filter {CELL_NAME=~"my_ila_instance"}]
display_hw_ila_data [upload_hw_ila_data [get_hw_ilas -of_objects [get_hw_devices xc7s25_0] -filter {CELL_NAME=~"my_ila_instance"}]]
