#-----------------------------------------------------------
# Vivado v2019.1 (64-bit)
# SW Build 2552052 on Fri May 24 14:49:42 MDT 2019
# IP Build 2548770 on Fri May 24 18:01:18 MDT 2019
# Start of session at: Mon Aug  5 21:25:33 2024
# Process ID: 32148
# Current directory: D:/Dropbox/Rodgel/Projects/1402/Triangle-TeraHertz/Triangle_Terahertz_FPGA_Ver4/Triangle_Terahertz_FPGA_Ver4.vhd/Triangle_Terahertz_FPGA_Ver4.vhd.runs/div_gen_0_synth_1
# Command line: vivado.exe -log div_gen_0.vds -product Vivado -mode batch -messageDb vivado.pb -notrace -source div_gen_0.tcl
# Log file: D:/Dropbox/Rodgel/Projects/1402/Triangle-TeraHertz/Triangle_Terahertz_FPGA_Ver4/Triangle_Terahertz_FPGA_Ver4.vhd/Triangle_Terahertz_FPGA_Ver4.vhd.runs/div_gen_0_synth_1/div_gen_0.vds
# Journal file: D:/Dropbox/Rodgel/Projects/1402/Triangle-TeraHertz/Triangle_Terahertz_FPGA_Ver4/Triangle_Terahertz_FPGA_Ver4.vhd/Triangle_Terahertz_FPGA_Ver4.vhd.runs/div_gen_0_synth_1\vivado.jou
#-----------------------------------------------------------
source div_gen_0.tcl -notrace
