INFO: [VRFC 10-163] Analyzing VHDL file "E:/Dropbox/Rodgel/Projects/1402/Triangle-TeraHertz/vhdl code/Triangle_Terahertz_FPGA_Ver4.vhd.sim/sim_1/impl/func/xsim/simulation_func_impl.vhd" into library xil_defaultlib
INFO: [VRFC 10-3107] analyzing entity 'dbg_hub_dmem'
INFO: [VRFC 10-3107] analyzing entity 'dbg_hub_dmem_13'
INFO: [VRFC 10-3107] analyzing entity 'dbg_hub_ltlib_v1_0_0_bscan'
INFO: [VRFC 10-3107] analyzing entity 'dbg_hub_rd_bin_cntr'
INFO: [VRFC 10-3107] analyzing entity 'dbg_hub_rd_bin_cntr_18'
INFO: [VRFC 10-3107] analyzing entity 'dbg_hub_rd_fwft'
INFO: [VRFC 10-3107] analyzing entity 'dbg_hub_rd_handshaking_flags'
INFO: [VRFC 10-3107] analyzing entity '\dbg_hub_rd_handshaking_flags__parameterized0\'
INFO: [VRFC 10-3107] analyzing entity 'dbg_hub_rd_status_flags_as'
INFO: [VRFC 10-3107] analyzing entity 'dbg_hub_rd_status_flags_as_17'
INFO: [VRFC 10-3107] analyzing entity 'dbg_hub_synchronizer_ff'
INFO: [VRFC 10-3107] analyzing entity 'dbg_hub_synchronizer_ff_1'
INFO: [VRFC 10-3107] analyzing entity 'dbg_hub_synchronizer_ff_10'
INFO: [VRFC 10-3107] analyzing entity 'dbg_hub_synchronizer_ff_11'
INFO: [VRFC 10-3107] analyzing entity 'dbg_hub_synchronizer_ff_12'
INFO: [VRFC 10-3107] analyzing entity 'dbg_hub_synchronizer_ff_2'
INFO: [VRFC 10-3107] analyzing entity 'dbg_hub_synchronizer_ff_3'
INFO: [VRFC 10-3107] analyzing entity 'dbg_hub_synchronizer_ff_9'
INFO: [VRFC 10-3107] analyzing entity '\dbg_hub_synchronizer_ff__parameterized0\'
INFO: [VRFC 10-3107] analyzing entity '\dbg_hub_synchronizer_ff__parameterized0_19\'
INFO: [VRFC 10-3107] analyzing entity '\dbg_hub_synchronizer_ff__parameterized0_20\'
INFO: [VRFC 10-3107] analyzing entity '\dbg_hub_synchronizer_ff__parameterized0_21\'
INFO: [VRFC 10-3107] analyzing entity '\dbg_hub_synchronizer_ff__parameterized0_22\'
INFO: [VRFC 10-3107] analyzing entity '\dbg_hub_synchronizer_ff__parameterized0_4\'
INFO: [VRFC 10-3107] analyzing entity '\dbg_hub_synchronizer_ff__parameterized0_5\'
INFO: [VRFC 10-3107] analyzing entity '\dbg_hub_synchronizer_ff__parameterized0_6\'
INFO: [VRFC 10-3107] analyzing entity 'dbg_hub_wr_bin_cntr'
INFO: [VRFC 10-3107] analyzing entity 'dbg_hub_wr_bin_cntr_16'
INFO: [VRFC 10-3107] analyzing entity 'dbg_hub_wr_handshaking_flags'
INFO: [VRFC 10-3107] analyzing entity 'dbg_hub_wr_handshaking_flags_15'
INFO: [VRFC 10-3107] analyzing entity 'dbg_hub_wr_status_flags_as'
INFO: [VRFC 10-3107] analyzing entity 'dbg_hub_wr_status_flags_as_14'
INFO: [VRFC 10-3107] analyzing entity 'dbg_hub_xsdbm_v3_0_0_addr_ctl'
INFO: [VRFC 10-3107] analyzing entity 'dbg_hub_xsdbm_v3_0_0_bscan_switch'
INFO: [VRFC 10-3107] analyzing entity 'dbg_hub_xsdbm_v3_0_0_burst_wdlen_ctl'
INFO: [VRFC 10-3107] analyzing entity 'dbg_hub_xsdbm_v3_0_0_bus_ctl_cnt'
INFO: [VRFC 10-3107] analyzing entity 'dbg_hub_xsdbm_v3_0_0_bus_ctl_flg'
INFO: [VRFC 10-3107] analyzing entity '\dbg_hub_xsdbm_v3_0_0_bus_ctl_flg__parameterized0\'
INFO: [VRFC 10-3107] analyzing entity 'dbg_hub_xsdbm_v3_0_0_bus_mstr2sl_if'
INFO: [VRFC 10-3107] analyzing entity 'dbg_hub_xsdbm_v3_0_0_cmd_decode'
INFO: [VRFC 10-3107] analyzing entity 'dbg_hub_xsdbm_v3_0_0_ctl_reg'
INFO: [VRFC 10-3107] analyzing entity '\dbg_hub_xsdbm_v3_0_0_ctl_reg__parameterized0\'
INFO: [VRFC 10-3107] analyzing entity '\dbg_hub_xsdbm_v3_0_0_ctl_reg__parameterized1\'
INFO: [VRFC 10-3107] analyzing entity '\dbg_hub_xsdbm_v3_0_0_ctl_reg__parameterized2\'
INFO: [VRFC 10-3107] analyzing entity 'dbg_hub_xsdbm_v3_0_0_if_static_status'
INFO: [VRFC 10-3107] analyzing entity 'dbg_hub_xsdbm_v3_0_0_stat'
INFO: [VRFC 10-3107] analyzing entity 'dbg_hub_xsdbm_v3_0_0_stat_reg'
INFO: [VRFC 10-3107] analyzing entity '\dbg_hub_xsdbm_v3_0_0_stat_reg__parameterized0\'
INFO: [VRFC 10-3107] analyzing entity '\dbg_hub_xsdbm_v3_0_0_stat_reg__parameterized0_0\'
INFO: [VRFC 10-3107] analyzing entity 'dbg_hub_xsdbm_v3_0_0_sync'
INFO: [VRFC 10-3107] analyzing entity 'u_ila_0_blk_mem_gen_v8_4_3_blk_mem_gen_prim_wrapper'
INFO: [VRFC 10-3107] analyzing entity '\u_ila_0_blk_mem_gen_v8_4_3_blk_mem_gen_prim_wrapper__parameterized0\'
INFO: [VRFC 10-3107] analyzing entity 'u_ila_0_ltlib_v1_0_0_all_typeA_slice'
INFO: [VRFC 10-3107] analyzing entity 'u_ila_0_ltlib_v1_0_0_all_typeA_slice_12'
INFO: [VRFC 10-3107] analyzing entity 'u_ila_0_ltlib_v1_0_0_all_typeA_slice_16'
INFO: [VRFC 10-3107] analyzing entity 'u_ila_0_ltlib_v1_0_0_all_typeA_slice_20'
INFO: [VRFC 10-3107] analyzing entity 'u_ila_0_ltlib_v1_0_0_all_typeA_slice_22'
INFO: [VRFC 10-3107] analyzing entity 'u_ila_0_ltlib_v1_0_0_all_typeA_slice_5'
INFO: [VRFC 10-3107] analyzing entity 'u_ila_0_ltlib_v1_0_0_all_typeA_slice_6'
INFO: [VRFC 10-3107] analyzing entity 'u_ila_0_ltlib_v1_0_0_all_typeA_slice_9'
INFO: [VRFC 10-3107] analyzing entity '\u_ila_0_ltlib_v1_0_0_all_typeA_slice__parameterized0\'
INFO: [VRFC 10-3107] analyzing entity '\u_ila_0_ltlib_v1_0_0_all_typeA_slice__parameterized0_10\'
INFO: [VRFC 10-3107] analyzing entity '\u_ila_0_ltlib_v1_0_0_all_typeA_slice__parameterized0_11\'
INFO: [VRFC 10-3107] analyzing entity '\u_ila_0_ltlib_v1_0_0_all_typeA_slice__parameterized0_15\'
INFO: [VRFC 10-3107] analyzing entity '\u_ila_0_ltlib_v1_0_0_all_typeA_slice__parameterized0_19\'
INFO: [VRFC 10-3107] analyzing entity '\u_ila_0_ltlib_v1_0_0_all_typeA_slice__parameterized0_8\'
INFO: [VRFC 10-3107] analyzing entity '\u_ila_0_ltlib_v1_0_0_all_typeA_slice__parameterized1\'
INFO: [VRFC 10-3107] analyzing entity '\u_ila_0_ltlib_v1_0_0_all_typeA_slice__parameterized1_49\'
INFO: [VRFC 10-3107] analyzing entity '\u_ila_0_ltlib_v1_0_0_all_typeA_slice__parameterized1_57\'
INFO: [VRFC 10-3107] analyzing entity '\u_ila_0_ltlib_v1_0_0_all_typeA_slice__parameterized2\'
INFO: [VRFC 10-3107] analyzing entity '\u_ila_0_ltlib_v1_0_0_all_typeA_slice__parameterized2_50\'
INFO: [VRFC 10-3107] analyzing entity '\u_ila_0_ltlib_v1_0_0_all_typeA_slice__parameterized2_58\'
INFO: [VRFC 10-3107] analyzing entity 'u_ila_0_ltlib_v1_0_0_async_edge_xfer'
INFO: [VRFC 10-3107] analyzing entity 'u_ila_0_ltlib_v1_0_0_async_edge_xfer_23'
INFO: [VRFC 10-3107] analyzing entity 'u_ila_0_ltlib_v1_0_0_async_edge_xfer_24'
INFO: [VRFC 10-3107] analyzing entity 'u_ila_0_ltlib_v1_0_0_async_edge_xfer_25'
INFO: [VRFC 10-3107] analyzing entity 'u_ila_0_ltlib_v1_0_0_cfglut4'
INFO: [VRFC 10-3107] analyzing entity 'u_ila_0_ltlib_v1_0_0_cfglut4_51'
INFO: [VRFC 10-3107] analyzing entity 'u_ila_0_ltlib_v1_0_0_cfglut5'
INFO: [VRFC 10-3107] analyzing entity 'u_ila_0_ltlib_v1_0_0_cfglut5_45'
INFO: [VRFC 10-3107] analyzing entity 'u_ila_0_ltlib_v1_0_0_cfglut5_52'
INFO: [VRFC 10-3107] analyzing entity 'u_ila_0_ltlib_v1_0_0_cfglut6'
INFO: [VRFC 10-3107] analyzing entity 'u_ila_0_ltlib_v1_0_0_cfglut6_53'
INFO: [VRFC 10-3107] analyzing entity '\u_ila_0_ltlib_v1_0_0_cfglut6__parameterized0\'
INFO: [VRFC 10-3107] analyzing entity 'u_ila_0_ltlib_v1_0_0_cfglut7'
INFO: [VRFC 10-3107] analyzing entity 'u_ila_0_ltlib_v1_0_0_cfglut7_44'
INFO: [VRFC 10-3107] analyzing entity 'u_ila_0_ltlib_v1_0_0_generic_memrd'
INFO: [VRFC 10-3107] analyzing entity 'u_ila_0_ltlib_v1_0_0_rising_edge_detection'
INFO: [VRFC 10-3107] analyzing entity 'u_ila_0_ltlib_v1_0_0_rising_edge_detection_26'
INFO: [VRFC 10-3107] analyzing entity 'u_ila_0_xsdbs_v1_0_2_reg_ctl'
INFO: [VRFC 10-3107] analyzing entity 'u_ila_0_xsdbs_v1_0_2_reg_ctl_30'
INFO: [VRFC 10-3107] analyzing entity 'u_ila_0_xsdbs_v1_0_2_reg_ctl_31'
INFO: [VRFC 10-3107] analyzing entity 'u_ila_0_xsdbs_v1_0_2_reg_ctl_32'
INFO: [VRFC 10-3107] analyzing entity 'u_ila_0_xsdbs_v1_0_2_reg_ctl_33'
INFO: [VRFC 10-3107] analyzing entity 'u_ila_0_xsdbs_v1_0_2_reg_ctl_36'
INFO: [VRFC 10-3107] analyzing entity 'u_ila_0_xsdbs_v1_0_2_reg_ctl_38'
INFO: [VRFC 10-3107] analyzing entity 'u_ila_0_xsdbs_v1_0_2_reg_ctl_39'
INFO: [VRFC 10-3107] analyzing entity 'u_ila_0_xsdbs_v1_0_2_reg_ctl_40'
INFO: [VRFC 10-3107] analyzing entity 'u_ila_0_xsdbs_v1_0_2_reg_ctl_41'
INFO: [VRFC 10-3107] analyzing entity 'u_ila_0_xsdbs_v1_0_2_reg_ctl_42'
INFO: [VRFC 10-3107] analyzing entity '\u_ila_0_xsdbs_v1_0_2_reg_ctl__parameterized0\'
INFO: [VRFC 10-3107] analyzing entity '\u_ila_0_xsdbs_v1_0_2_reg_ctl__parameterized1\'
INFO: [VRFC 10-3107] analyzing entity '\u_ila_0_xsdbs_v1_0_2_reg_ctl__parameterized1_34\'
INFO: [VRFC 10-3107] analyzing entity '\u_ila_0_xsdbs_v1_0_2_reg_ctl__parameterized1_37\'
INFO: [VRFC 10-3107] analyzing entity 'u_ila_0_xsdbs_v1_0_2_reg_p2s'
INFO: [VRFC 10-3107] analyzing entity '\u_ila_0_xsdbs_v1_0_2_reg_p2s__parameterized0\'
INFO: [VRFC 10-3107] analyzing entity '\u_ila_0_xsdbs_v1_0_2_reg_p2s__parameterized1\'
INFO: [VRFC 10-3107] analyzing entity '\u_ila_0_xsdbs_v1_0_2_reg_p2s__parameterized2\'
INFO: [VRFC 10-3107] analyzing entity '\u_ila_0_xsdbs_v1_0_2_reg_p2s__parameterized3\'
INFO: [VRFC 10-3107] analyzing entity '\u_ila_0_xsdbs_v1_0_2_reg_p2s__parameterized4\'
INFO: [VRFC 10-3107] analyzing entity '\u_ila_0_xsdbs_v1_0_2_reg_p2s__parameterized5\'
INFO: [VRFC 10-3107] analyzing entity '\u_ila_0_xsdbs_v1_0_2_reg_p2s__parameterized6\'
INFO: [VRFC 10-3107] analyzing entity '\u_ila_0_xsdbs_v1_0_2_reg_p2s__parameterized7\'
INFO: [VRFC 10-3107] analyzing entity 'u_ila_0_xsdbs_v1_0_2_reg_stat'
INFO: [VRFC 10-3107] analyzing entity 'u_ila_0_xsdbs_v1_0_2_reg_stat_27'
INFO: [VRFC 10-3107] analyzing entity 'u_ila_0_xsdbs_v1_0_2_reg_stat_28'
INFO: [VRFC 10-3107] analyzing entity 'u_ila_0_xsdbs_v1_0_2_reg_stat_29'
INFO: [VRFC 10-3107] analyzing entity 'u_ila_0_xsdbs_v1_0_2_reg_stat_35'
INFO: [VRFC 10-3107] analyzing entity 'u_ila_0_xsdbs_v1_0_2_reg_stat_43'
INFO: [VRFC 10-3107] analyzing entity 'u_ila_0_xsdbs_v1_0_2_xsdbs'
INFO: [VRFC 10-3107] analyzing entity '\clk_wiz_0__clk_wiz_0_clk_wiz\'
INFO: [VRFC 10-3107] analyzing entity 'dbg_hub_clk_x_pntrs'
INFO: [VRFC 10-3107] analyzing entity 'dbg_hub_clk_x_pntrs_7'
INFO: [VRFC 10-3107] analyzing entity 'dbg_hub_memory'
INFO: [VRFC 10-3107] analyzing entity '\dbg_hub_memory__parameterized0\'
INFO: [VRFC 10-3107] analyzing entity 'dbg_hub_rd_logic'
INFO: [VRFC 10-3107] analyzing entity '\dbg_hub_rd_logic__parameterized0\'
INFO: [VRFC 10-3107] analyzing entity 'dbg_hub_reset_blk_ramfifo'
INFO: [VRFC 10-3107] analyzing entity 'dbg_hub_reset_blk_ramfifo_8'
INFO: [VRFC 10-3107] analyzing entity 'dbg_hub_wr_logic'
INFO: [VRFC 10-3107] analyzing entity '\dbg_hub_wr_logic__parameterized0\'
INFO: [VRFC 10-3107] analyzing entity 'dbg_hub_xsdbm_v3_0_0_bus_ctl'
INFO: [VRFC 10-3107] analyzing entity 'dbg_hub_xsdbm_v3_0_0_icon'
INFO: [VRFC 10-3107] analyzing entity 'u_ila_0_blk_mem_gen_v8_4_3_blk_mem_gen_prim_width'
INFO: [VRFC 10-3107] analyzing entity '\u_ila_0_blk_mem_gen_v8_4_3_blk_mem_gen_prim_width__parameterized0\'
INFO: [VRFC 10-3107] analyzing entity 'u_ila_0_ila_v6_2_9_ila_reset_ctrl'
INFO: [VRFC 10-3107] analyzing entity 'u_ila_0_ltlib_v1_0_0_all_typeA'
INFO: [VRFC 10-3107] analyzing entity 'u_ila_0_ltlib_v1_0_0_all_typeA_21'
INFO: [VRFC 10-3107] analyzing entity 'u_ila_0_ltlib_v1_0_0_all_typeA_4'
INFO: [VRFC 10-3107] analyzing entity '\u_ila_0_ltlib_v1_0_0_all_typeA__parameterized0\'
INFO: [VRFC 10-3107] analyzing entity '\u_ila_0_ltlib_v1_0_0_all_typeA__parameterized0_14\'
INFO: [VRFC 10-3107] analyzing entity '\u_ila_0_ltlib_v1_0_0_all_typeA__parameterized0_18\'
INFO: [VRFC 10-3107] analyzing entity '\u_ila_0_ltlib_v1_0_0_all_typeA__parameterized0_7\'
INFO: [VRFC 10-3107] analyzing entity '\u_ila_0_ltlib_v1_0_0_all_typeA__parameterized1\'
INFO: [VRFC 10-3107] analyzing entity '\u_ila_0_ltlib_v1_0_0_all_typeA__parameterized2\'
INFO: [VRFC 10-3107] analyzing entity '\u_ila_0_ltlib_v1_0_0_all_typeA__parameterized2_48\'
INFO: [VRFC 10-3107] analyzing entity '\u_ila_0_ltlib_v1_0_0_all_typeA__parameterized2_56\'
INFO: [VRFC 10-3107] analyzing entity '\u_ila_0_xsdbs_v1_0_2_reg__parameterized23\'
INFO: [VRFC 10-3107] analyzing entity '\u_ila_0_xsdbs_v1_0_2_reg__parameterized24\'
INFO: [VRFC 10-3107] analyzing entity '\u_ila_0_xsdbs_v1_0_2_reg__parameterized25\'
INFO: [VRFC 10-3107] analyzing entity '\u_ila_0_xsdbs_v1_0_2_reg__parameterized26\'
INFO: [VRFC 10-3107] analyzing entity '\u_ila_0_xsdbs_v1_0_2_reg__parameterized38\'
INFO: [VRFC 10-3107] analyzing entity '\u_ila_0_xsdbs_v1_0_2_reg__parameterized39\'
INFO: [VRFC 10-3107] analyzing entity '\u_ila_0_xsdbs_v1_0_2_reg__parameterized40\'
INFO: [VRFC 10-3107] analyzing entity '\u_ila_0_xsdbs_v1_0_2_reg__parameterized41\'
INFO: [VRFC 10-3107] analyzing entity '\u_ila_0_xsdbs_v1_0_2_reg__parameterized42\'
INFO: [VRFC 10-3107] analyzing entity '\u_ila_0_xsdbs_v1_0_2_reg__parameterized43\'
INFO: [VRFC 10-3107] analyzing entity '\u_ila_0_xsdbs_v1_0_2_reg__parameterized44\'
INFO: [VRFC 10-3107] analyzing entity '\u_ila_0_xsdbs_v1_0_2_reg__parameterized45\'
INFO: [VRFC 10-3107] analyzing entity '\u_ila_0_xsdbs_v1_0_2_reg__parameterized46\'
INFO: [VRFC 10-3107] analyzing entity '\u_ila_0_xsdbs_v1_0_2_reg__parameterized47\'
INFO: [VRFC 10-3107] analyzing entity '\u_ila_0_xsdbs_v1_0_2_reg__parameterized48\'
INFO: [VRFC 10-3107] analyzing entity '\u_ila_0_xsdbs_v1_0_2_reg__parameterized49\'
INFO: [VRFC 10-3107] analyzing entity '\u_ila_0_xsdbs_v1_0_2_reg__parameterized51\'
INFO: [VRFC 10-3107] analyzing entity '\u_ila_0_xsdbs_v1_0_2_reg__parameterized53\'
INFO: [VRFC 10-3107] analyzing entity '\u_ila_0_xsdbs_v1_0_2_reg__parameterized56\'
INFO: [VRFC 10-3107] analyzing entity 'u_ila_0_xsdbs_v1_0_2_reg_stream'
INFO: [VRFC 10-3107] analyzing entity '\u_ila_0_xsdbs_v1_0_2_reg_stream__parameterized0\'
INFO: [VRFC 10-3107] analyzing entity 'clk_wiz_0'
INFO: [VRFC 10-3107] analyzing entity 'dbg_hub_fifo_generator_ramfifo'
INFO: [VRFC 10-3107] analyzing entity '\dbg_hub_fifo_generator_ramfifo__parameterized0\'
INFO: [VRFC 10-3107] analyzing entity 'u_ila_0_blk_mem_gen_v8_4_3_blk_mem_gen_generic_cstr'
INFO: [VRFC 10-3107] analyzing entity 'u_ila_0_ila_v6_2_9_ila_register'
INFO: [VRFC 10-3107] analyzing entity 'u_ila_0_ltlib_v1_0_0_allx_typeA'
INFO: [VRFC 10-3107] analyzing entity '\u_ila_0_ltlib_v1_0_0_allx_typeA__parameterized0\'
INFO: [VRFC 10-3107] analyzing entity '\u_ila_0_ltlib_v1_0_0_allx_typeA__parameterized0_17\'
INFO: [VRFC 10-3107] analyzing entity '\u_ila_0_ltlib_v1_0_0_allx_typeA__parameterized1\'
INFO: [VRFC 10-3107] analyzing entity '\u_ila_0_ltlib_v1_0_0_allx_typeA__parameterized1_13\'
INFO: [VRFC 10-3107] analyzing entity '\u_ila_0_ltlib_v1_0_0_allx_typeA__parameterized2\'
INFO: [VRFC 10-3107] analyzing entity '\u_ila_0_ltlib_v1_0_0_allx_typeA__parameterized3\'
INFO: [VRFC 10-3107] analyzing entity '\u_ila_0_ltlib_v1_0_0_allx_typeA__parameterized3_3\'
INFO: [VRFC 10-3107] analyzing entity 'u_ila_0_ltlib_v1_0_0_allx_typeA_nodelay'
INFO: [VRFC 10-3107] analyzing entity 'u_ila_0_ltlib_v1_0_0_allx_typeA_nodelay_47'
INFO: [VRFC 10-3107] analyzing entity 'u_ila_0_ltlib_v1_0_0_allx_typeA_nodelay_55'
INFO: [VRFC 10-3107] analyzing entity 'dbg_hub_fifo_generator_top'
INFO: [VRFC 10-3107] analyzing entity '\dbg_hub_fifo_generator_top__parameterized0\'
INFO: [VRFC 10-3107] analyzing entity 'u_ila_0_blk_mem_gen_v8_4_3_blk_mem_gen_top'
INFO: [VRFC 10-3107] analyzing entity 'u_ila_0_ltlib_v1_0_0_match'
INFO: [VRFC 10-3107] analyzing entity '\u_ila_0_ltlib_v1_0_0_match__parameterized0\'
INFO: [VRFC 10-3107] analyzing entity '\u_ila_0_ltlib_v1_0_0_match__parameterized0_1\'
INFO: [VRFC 10-3107] analyzing entity '\u_ila_0_ltlib_v1_0_0_match__parameterized1\'
INFO: [VRFC 10-3107] analyzing entity '\u_ila_0_ltlib_v1_0_0_match__parameterized1_0\'
INFO: [VRFC 10-3107] analyzing entity '\u_ila_0_ltlib_v1_0_0_match__parameterized2\'
INFO: [VRFC 10-3107] analyzing entity '\u_ila_0_ltlib_v1_0_0_match__parameterized3\'
INFO: [VRFC 10-3107] analyzing entity '\u_ila_0_ltlib_v1_0_0_match__parameterized3_2\'
INFO: [VRFC 10-3107] analyzing entity 'u_ila_0_ltlib_v1_0_0_match_nodelay'
INFO: [VRFC 10-3107] analyzing entity 'u_ila_0_ltlib_v1_0_0_match_nodelay_46'
INFO: [VRFC 10-3107] analyzing entity 'u_ila_0_ltlib_v1_0_0_match_nodelay_54'
INFO: [VRFC 10-3107] analyzing entity 'dbg_hub_fifo_generator_v13_1_4_synth'
INFO: [VRFC 10-3107] analyzing entity '\dbg_hub_fifo_generator_v13_1_4_synth__parameterized0\'
INFO: [VRFC 10-3107] analyzing entity 'u_ila_0_blk_mem_gen_v8_4_3_synth'
INFO: [VRFC 10-3107] analyzing entity 'u_ila_0_ila_v6_2_9_ila_cap_sample_counter'
INFO: [VRFC 10-3107] analyzing entity 'u_ila_0_ila_v6_2_9_ila_cap_window_counter'
INFO: [VRFC 10-3107] analyzing entity 'u_ila_0_ila_v6_2_9_ila_trig_match'
INFO: [VRFC 10-3107] analyzing entity 'dbg_hub_fifo_generator_v13_1_4'
INFO: [VRFC 10-3107] analyzing entity '\dbg_hub_fifo_generator_v13_1_4__parameterized0\'
INFO: [VRFC 10-3107] analyzing entity 'u_ila_0_blk_mem_gen_v8_4_3'
INFO: [VRFC 10-3107] analyzing entity 'u_ila_0_ila_v6_2_9_ila_cap_addrgen'
INFO: [VRFC 10-3107] analyzing entity 'u_ila_0_ila_v6_2_9_ila_trigger'
INFO: [VRFC 10-3107] analyzing entity 'dbg_hub_xsdbm_v3_0_0_rdfifo'
INFO: [VRFC 10-3107] analyzing entity 'dbg_hub_xsdbm_v3_0_0_wrfifo'
INFO: [VRFC 10-3107] analyzing entity 'u_ila_0_ila_v6_2_9_ila_cap_ctrl_legacy'
INFO: [VRFC 10-3107] analyzing entity 'u_ila_0_ila_v6_2_9_ila_trace_memory'
INFO: [VRFC 10-3107] analyzing entity 'dbg_hub_xsdbm_v3_0_0_rdreg'
INFO: [VRFC 10-3107] analyzing entity 'dbg_hub_xsdbm_v3_0_0_wrreg'
INFO: [VRFC 10-3107] analyzing entity 'u_ila_0_ila_v6_2_9_ila_core'
INFO: [VRFC 10-3107] analyzing entity 'dbg_hub_xsdbm_v3_0_0_if'
INFO: [VRFC 10-3107] analyzing entity 'u_ila_0_ila_v6_2_9_ila'
INFO: [VRFC 10-3107] analyzing entity 'dbg_hub_xsdbm_v3_0_0_icon2xsdb'
INFO: [VRFC 10-3107] analyzing entity 'u_ila_0'
INFO: [VRFC 10-3107] analyzing entity 'dbg_hub_xsdbm_v3_0_0_xsdbm_id'
INFO: [VRFC 10-3107] analyzing entity 'dbg_hub_xsdbm_v3_0_0_xsdbm'
INFO: [VRFC 10-3107] analyzing entity 'dbg_hub'
INFO: [VRFC 10-3107] analyzing entity 'ComputeModule'
