#-----------------------------------------------------------
# Vivado v2019.1 (64-bit)
# SW Build 2552052 on Fri May 24 14:49:42 MDT 2019
# IP Build 2548770 on Fri May 24 18:01:18 MDT 2019
# Start of session at: Wed Jun  5 00:03:50 2024
# Process ID: 20300
# Current directory: D:/Dropbox/Rodgel/Projects/1402/Triangle-TeraHertz/Triangle_Terahertz_FPGA_Ver3/Triangle_Terahertz_FPGA_Ver3
# Command line: vivado.exe -gui_launcher_event rodinguilauncherevent3944 D:\Dropbox\Rodgel\Projects\1402\Triangle-TeraHertz\Triangle_Terahertz_FPGA_Ver3\Triangle_Terahertz_FPGA_Ver3\Triangle_Terahertz_FPGA_Ver3.xpr
# Log file: D:/Dropbox/Rodgel/Projects/1402/Triangle-TeraHertz/Triangle_Terahertz_FPGA_Ver3/Triangle_Terahertz_FPGA_Ver3/vivado.log
# Journal file: D:/Dropbox/Rodgel/Projects/1402/Triangle-TeraHertz/Triangle_Terahertz_FPGA_Ver3/Triangle_Terahertz_FPGA_Ver3\vivado.jou
#-----------------------------------------------------------
start_gui
open_project D:/Dropbox/Rodgel/Projects/1402/Triangle-TeraHertz/Triangle_Terahertz_FPGA_Ver3/Triangle_Terahertz_FPGA_Ver3/Triangle_Terahertz_FPGA_Ver3.xpr
update_compile_order -fileset sources_1
launch_simulation
open_wave_config D:/Dropbox/Rodgel/Projects/1402/Triangle-TeraHertz/Triangle_Terahertz_FPGA_Ver3/Triangle_Terahertz_FPGA_Ver3/tb_behav.wcfg
source tb.tcl
close_sim
