
*** Running vivado
    with args -log UART_Test.vdi -applog -m64 -product Vivado -messageDb vivado.pb -mode batch -source UART_Test.tcl -notrace


****** Vivado v2019.1 (64-bit)
  **** SW Build 2552052 on Fri May 24 14:49:42 MDT 2019
  **** IP Build 2548770 on Fri May 24 18:01:18 MDT 2019
    ** Copyright 1986-2019 Xilinx, Inc. All Rights Reserved.

source UART_Test.tcl -notrace
Command: link_design -top UART_Test -part xc7s25csga225-1
Design is defaulting to srcset: sources_1
Design is defaulting to constrset: constrs_1
INFO: [Device 21-403] Loading part xc7s25csga225-1
INFO: [Netlist 29-17] Analyzing 6 Unisim elements for replacement
INFO: [Netlist 29-28] Unisim Transformation completed in 0 CPU seconds
INFO: [Project 1-479] Netlist was created with Vivado 2019.1
INFO: [Project 1-570] Preparing netlist for logic optimization
Parsing XDC File [E:/Dropbox/Rodgel/Projects/1402/Triangle-TeraHertz/vhdl code/Triangle_Terahertz_FPGA_Ver4.vhd.srcs/constrs_1/new/Cmod-S7-25-Master.xdc]
Finished Parsing XDC File [E:/Dropbox/Rodgel/Projects/1402/Triangle-TeraHertz/vhdl code/Triangle_Terahertz_FPGA_Ver4.vhd.srcs/constrs_1/new/Cmod-S7-25-Master.xdc]
INFO: [Opt 31-138] Pushed 0 inverter(s) to 0 load pin(s).
Netlist sorting complete. Time (s): cpu = 00:00:00 ; elapsed = 00:00:00 . Memory (MB): peak = 725.684 ; gain = 0.000
INFO: [Project 1-111] Unisim Transformation Summary:
No Unisim elements were transformed.

7 Infos, 0 Warnings, 0 Critical Warnings and 0 Errors encountered.
link_design completed successfully
link_design: Time (s): cpu = 00:00:10 ; elapsed = 00:00:17 . Memory (MB): peak = 729.703 ; gain = 369.922
Command: opt_design
Attempting to get a license for feature 'Implementation' and/or device 'xc7s25'
INFO: [Common 17-349] Got license for feature 'Implementation' and/or device 'xc7s25'
Running DRC as a precondition to command opt_design

Starting DRC Task
INFO: [DRC 23-27] Running DRC with 2 threads
INFO: [Project 1-461] DRC finished with 0 Errors
INFO: [Project 1-462] Please refer to the DRC report (report_drc) for more information.

Time (s): cpu = 00:00:02 ; elapsed = 00:00:01 . Memory (MB): peak = 745.645 ; gain = 15.941

Starting Cache Timing Information Task
INFO: [Timing 38-35] Done setting XDC timing constraints.
Ending Cache Timing Information Task | Checksum: c0f8969e

Time (s): cpu = 00:00:14 ; elapsed = 00:00:15 . Memory (MB): peak = 1192.465 ; gain = 446.820

Starting Logic Optimization Task

Phase 1 Retarget
INFO: [Opt 31-138] Pushed 0 inverter(s) to 0 load pin(s).
INFO: [Opt 31-49] Retargeted 0 cell(s).
Phase 1 Retarget | Checksum: c0f8969e

Time (s): cpu = 00:00:00 ; elapsed = 00:00:00.046 . Memory (MB): peak = 1331.246 ; gain = 0.000
INFO: [Opt 31-389] Phase Retarget created 0 cells and removed 0 cells

Phase 2 Constant propagation
INFO: [Opt 31-138] Pushed 0 inverter(s) to 0 load pin(s).
Phase 2 Constant propagation | Checksum: c0f8969e

Time (s): cpu = 00:00:00 ; elapsed = 00:00:00.052 . Memory (MB): peak = 1331.246 ; gain = 0.000
INFO: [Opt 31-389] Phase Constant propagation created 0 cells and removed 0 cells

Phase 3 Sweep
Phase 3 Sweep | Checksum: 70ae3160

Time (s): cpu = 00:00:00 ; elapsed = 00:00:00.082 . Memory (MB): peak = 1331.246 ; gain = 0.000
INFO: [Opt 31-389] Phase Sweep created 0 cells and removed 0 cells

Phase 4 BUFG optimization
Phase 4 BUFG optimization | Checksum: 70ae3160

Time (s): cpu = 00:00:00 ; elapsed = 00:00:00.091 . Memory (MB): peak = 1331.246 ; gain = 0.000
INFO: [Opt 31-662] Phase BUFG optimization created 0 cells of which 0 are BUFGs and removed 0 cells.

Phase 5 Shift Register Optimization
INFO: [Opt 31-1064] SRL Remap converted 0 SRLs to 0 registers and converted 0 registers of register chains to 0 SRLs
Phase 5 Shift Register Optimization | Checksum: 70ae3160

Time (s): cpu = 00:00:00 ; elapsed = 00:00:00.097 . Memory (MB): peak = 1331.246 ; gain = 0.000
INFO: [Opt 31-389] Phase Shift Register Optimization created 0 cells and removed 0 cells

Phase 6 Post Processing Netlist
Phase 6 Post Processing Netlist | Checksum: 70ae3160

Time (s): cpu = 00:00:00 ; elapsed = 00:00:00.101 . Memory (MB): peak = 1331.246 ; gain = 0.000
INFO: [Opt 31-389] Phase Post Processing Netlist created 0 cells and removed 0 cells
Opt_design Change Summary
=========================


-------------------------------------------------------------------------------------------------------------------------
|  Phase                        |  #Cells created  |  #Cells Removed  |  #Constrained objects preventing optimizations  |
-------------------------------------------------------------------------------------------------------------------------
|  Retarget                     |               0  |               0  |                                              0  |
|  Constant propagation         |               0  |               0  |                                              0  |
|  Sweep                        |               0  |               0  |                                              0  |
|  BUFG optimization            |               0  |               0  |                                              0  |
|  Shift Register Optimization  |               0  |               0  |                                              0  |
|  Post Processing Netlist      |               0  |               0  |                                              0  |
-------------------------------------------------------------------------------------------------------------------------



Starting Connectivity Check Task

Time (s): cpu = 00:00:00 ; elapsed = 00:00:00.001 . Memory (MB): peak = 1331.246 ; gain = 0.000
Ending Logic Optimization Task | Checksum: 14197a5e7

Time (s): cpu = 00:00:00 ; elapsed = 00:00:00.112 . Memory (MB): peak = 1331.246 ; gain = 0.000

Starting Power Optimization Task
INFO: [Pwropt 34-132] Skipping clock gating for clocks with a period < 2.00 ns.
Ending Power Optimization Task | Checksum: 14197a5e7

Time (s): cpu = 00:00:00 ; elapsed = 00:00:00.022 . Memory (MB): peak = 1331.246 ; gain = 0.000

Starting Final Cleanup Task
Ending Final Cleanup Task | Checksum: 14197a5e7

Time (s): cpu = 00:00:00 ; elapsed = 00:00:00 . Memory (MB): peak = 1331.246 ; gain = 0.000

Starting Netlist Obfuscation Task
Netlist sorting complete. Time (s): cpu = 00:00:00 ; elapsed = 00:00:00 . Memory (MB): peak = 1331.246 ; gain = 0.000
Ending Netlist Obfuscation Task | Checksum: 14197a5e7

Time (s): cpu = 00:00:00 ; elapsed = 00:00:00 . Memory (MB): peak = 1331.246 ; gain = 0.000
INFO: [Common 17-83] Releasing license: Implementation
24 Infos, 0 Warnings, 0 Critical Warnings and 0 Errors encountered.
opt_design completed successfully
opt_design: Time (s): cpu = 00:00:19 ; elapsed = 00:00:21 . Memory (MB): peak = 1331.246 ; gain = 601.543
Netlist sorting complete. Time (s): cpu = 00:00:00 ; elapsed = 00:00:00 . Memory (MB): peak = 1331.246 ; gain = 0.000
INFO: [Timing 38-480] Writing timing data to binary archive.
Writing placer database...
Writing XDEF routing.
Writing XDEF routing logical nets.
Writing XDEF routing special nets.
Write XDEF Complete: Time (s): cpu = 00:00:00 ; elapsed = 00:00:00.089 . Memory (MB): peak = 1331.246 ; gain = 0.000
INFO: [Common 17-1381] The checkpoint 'E:/Dropbox/Rodgel/Projects/1402/Triangle-TeraHertz/vhdl code/Triangle_Terahertz_FPGA_Ver4.vhd.runs/impl_1/UART_Test_opt.dcp' has been generated.
INFO: [runtcl-4] Executing : report_drc -file UART_Test_drc_opted.rpt -pb UART_Test_drc_opted.pb -rpx UART_Test_drc_opted.rpx
Command: report_drc -file UART_Test_drc_opted.rpt -pb UART_Test_drc_opted.pb -rpx UART_Test_drc_opted.rpx
INFO: [IP_Flow 19-234] Refreshing IP repositories
INFO: [IP_Flow 19-1704] No user IP repositories specified
INFO: [IP_Flow 19-2313] Loaded Vivado IP repository 'E:/xilinx/Vivado/2019.1/data/ip'.
INFO: [DRC 23-27] Running DRC with 2 threads
INFO: [Coretcl 2-168] The results of DRC are in file E:/Dropbox/Rodgel/Projects/1402/Triangle-TeraHertz/vhdl code/Triangle_Terahertz_FPGA_Ver4.vhd.runs/impl_1/UART_Test_drc_opted.rpt.
report_drc completed successfully
Command: place_design
Attempting to get a license for feature 'Implementation' and/or device 'xc7s25'
INFO: [Common 17-349] Got license for feature 'Implementation' and/or device 'xc7s25'
INFO: [DRC 23-27] Running DRC with 2 threads
INFO: [Vivado_Tcl 4-198] DRC finished with 0 Errors
INFO: [Vivado_Tcl 4-199] Please refer to the DRC report (report_drc) for more information.
Running DRC as a precondition to command place_design
INFO: [DRC 23-27] Running DRC with 2 threads
INFO: [Vivado_Tcl 4-198] DRC finished with 0 Errors
INFO: [Vivado_Tcl 4-199] Please refer to the DRC report (report_drc) for more information.

Starting Placer Task
INFO: [Place 30-611] Multithreading enabled for place_design using a maximum of 2 CPUs

Phase 1 Placer Initialization

Phase 1.1 Placer Initialization Netlist Sorting
Netlist sorting complete. Time (s): cpu = 00:00:00 ; elapsed = 00:00:00 . Memory (MB): peak = 1331.246 ; gain = 0.000
Phase 1.1 Placer Initialization Netlist Sorting | Checksum: 5c0e496b

Time (s): cpu = 00:00:00 ; elapsed = 00:00:00.015 . Memory (MB): peak = 1331.246 ; gain = 0.000
Netlist sorting complete. Time (s): cpu = 00:00:00 ; elapsed = 00:00:00 . Memory (MB): peak = 1331.246 ; gain = 0.000

Phase 1.2 IO Placement/ Clock Placement/ Build Placer Device
INFO: [Timing 38-35] Done setting XDC timing constraints.
Phase 1.2 IO Placement/ Clock Placement/ Build Placer Device | Checksum: 9c6f5363

Time (s): cpu = 00:00:00 ; elapsed = 00:00:01 . Memory (MB): peak = 1331.246 ; gain = 0.000

Phase 1.3 Build Placer Netlist Model
Phase 1.3 Build Placer Netlist Model | Checksum: 10f615cd1

Time (s): cpu = 00:00:01 ; elapsed = 00:00:02 . Memory (MB): peak = 1331.246 ; gain = 0.000

Phase 1.4 Constrain Clocks/Macros
Phase 1.4 Constrain Clocks/Macros | Checksum: 10f615cd1

Time (s): cpu = 00:00:01 ; elapsed = 00:00:02 . Memory (MB): peak = 1331.246 ; gain = 0.000
Phase 1 Placer Initialization | Checksum: 10f615cd1

Time (s): cpu = 00:00:01 ; elapsed = 00:00:02 . Memory (MB): peak = 1331.246 ; gain = 0.000

Phase 2 Global Placement

Phase 2.1 Floorplanning
Phase 2.1 Floorplanning | Checksum: 1276759cf

Time (s): cpu = 00:00:01 ; elapsed = 00:00:02 . Memory (MB): peak = 1331.246 ; gain = 0.000

Phase 2.2 Global Placement Core

Phase 2.2.1 Physical Synthesis In Placer
INFO: [Physopt 32-65] No nets found for high-fanout optimization.
INFO: [Physopt 32-232] Optimized 0 net. Created 0 new instance.
INFO: [Physopt 32-775] End 1 Pass. Optimized 0 net or cell. Created 0 new cell, deleted 0 existing cell and moved 0 existing cell
INFO: [Physopt 32-670] No setup violation found.  DSP Register Optimization was not performed.
INFO: [Physopt 32-670] No setup violation found.  Shift Register Optimization was not performed.
INFO: [Physopt 32-670] No setup violation found.  BRAM Register Optimization was not performed.
INFO: [Physopt 32-949] No candidate nets found for HD net replication
INFO: [Physopt 32-775] End 1 Pass. Optimized 0 net or cell. Created 0 new cell, deleted 0 existing cell and moved 0 existing cell
Netlist sorting complete. Time (s): cpu = 00:00:00 ; elapsed = 00:00:00 . Memory (MB): peak = 1331.246 ; gain = 0.000

Summary of Physical Synthesis Optimizations
============================================


----------------------------------------------------------------------------------------------------------------------------------------
|  Optimization                  |  Added Cells  |  Removed Cells  |  Optimized Cells/Nets  |  Dont Touch  |  Iterations  |  Elapsed   |
----------------------------------------------------------------------------------------------------------------------------------------
|  Very High Fanout              |            0  |              0  |                     0  |           0  |           1  |  00:00:00  |
|  DSP Register                  |            0  |              0  |                     0  |           0  |           0  |  00:00:00  |
|  Shift Register                |            0  |              0  |                     0  |           0  |           0  |  00:00:00  |
|  BRAM Register                 |            0  |              0  |                     0  |           0  |           0  |  00:00:00  |
|  HD Interface Net Replication  |            0  |              0  |                     0  |           0  |           1  |  00:00:00  |
|  Total                         |            0  |              0  |                     0  |           0  |           2  |  00:00:00  |
----------------------------------------------------------------------------------------------------------------------------------------


Phase 2.2.1 Physical Synthesis In Placer | Checksum: bd0d374d

Time (s): cpu = 00:00:05 ; elapsed = 00:00:06 . Memory (MB): peak = 1331.246 ; gain = 0.000
Phase 2.2 Global Placement Core | Checksum: 12834b287

Time (s): cpu = 00:00:06 ; elapsed = 00:00:06 . Memory (MB): peak = 1331.246 ; gain = 0.000
Phase 2 Global Placement | Checksum: 12834b287

Time (s): cpu = 00:00:06 ; elapsed = 00:00:06 . Memory (MB): peak = 1331.246 ; gain = 0.000

Phase 3 Detail Placement

Phase 3.1 Commit Multi Column Macros
Phase 3.1 Commit Multi Column Macros | Checksum: e97151f6

Time (s): cpu = 00:00:06 ; elapsed = 00:00:06 . Memory (MB): peak = 1331.246 ; gain = 0.000

Phase 3.2 Commit Most Macros & LUTRAMs
Phase 3.2 Commit Most Macros & LUTRAMs | Checksum: e893ad46

Time (s): cpu = 00:00:06 ; elapsed = 00:00:06 . Memory (MB): peak = 1331.246 ; gain = 0.000

Phase 3.3 Area Swap Optimization
Phase 3.3 Area Swap Optimization | Checksum: 95648632

Time (s): cpu = 00:00:06 ; elapsed = 00:00:06 . Memory (MB): peak = 1331.246 ; gain = 0.000

Phase 3.4 Pipeline Register Optimization
Phase 3.4 Pipeline Register Optimization | Checksum: 13c6e7fde

Time (s): cpu = 00:00:06 ; elapsed = 00:00:06 . Memory (MB): peak = 1331.246 ; gain = 0.000

Phase 3.5 Small Shape Detail Placement
Phase 3.5 Small Shape Detail Placement | Checksum: 10730607a

Time (s): cpu = 00:00:06 ; elapsed = 00:00:07 . Memory (MB): peak = 1331.246 ; gain = 0.000

Phase 3.6 Re-assign LUT pins
Phase 3.6 Re-assign LUT pins | Checksum: 1c9d9cad4

Time (s): cpu = 00:00:06 ; elapsed = 00:00:07 . Memory (MB): peak = 1331.246 ; gain = 0.000

Phase 3.7 Pipeline Register Optimization
Phase 3.7 Pipeline Register Optimization | Checksum: 1f6e3b480

Time (s): cpu = 00:00:06 ; elapsed = 00:00:07 . Memory (MB): peak = 1331.246 ; gain = 0.000
Phase 3 Detail Placement | Checksum: 1f6e3b480

Time (s): cpu = 00:00:06 ; elapsed = 00:00:07 . Memory (MB): peak = 1331.246 ; gain = 0.000

Phase 4 Post Placement Optimization and Clean-Up

Phase 4.1 Post Commit Optimization
INFO: [Timing 38-35] Done setting XDC timing constraints.

Phase 4.1.1 Post Placement Optimization
Post Placement Optimization Initialization | Checksum: 1ace62675

Phase 4.1.1.1 BUFG Insertion
INFO: [Place 46-56] BUFG insertion identified 0 candidate nets. Inserted BUFG: 0, Replicated BUFG Driver: 0, Skipped due to Placement/Routing Conflicts: 0, Skipped due to Timing Degradation: 0, Skipped due to Illegal Netlist: 0.
Phase 4.1.1.1 BUFG Insertion | Checksum: 1ace62675

Time (s): cpu = 00:00:06 ; elapsed = 00:00:07 . Memory (MB): peak = 1331.246 ; gain = 0.000
INFO: [Place 30-746] Post Placement Timing Summary WNS=78.932. For the most accurate timing information please run report_timing.
Phase 4.1.1 Post Placement Optimization | Checksum: 1404e69e0

Time (s): cpu = 00:00:06 ; elapsed = 00:00:07 . Memory (MB): peak = 1331.246 ; gain = 0.000
Phase 4.1 Post Commit Optimization | Checksum: 1404e69e0

Time (s): cpu = 00:00:06 ; elapsed = 00:00:07 . Memory (MB): peak = 1331.246 ; gain = 0.000

Phase 4.2 Post Placement Cleanup
Phase 4.2 Post Placement Cleanup | Checksum: 1404e69e0

Time (s): cpu = 00:00:06 ; elapsed = 00:00:07 . Memory (MB): peak = 1331.246 ; gain = 0.000

Phase 4.3 Placer Reporting
Phase 4.3 Placer Reporting | Checksum: 1404e69e0

Time (s): cpu = 00:00:06 ; elapsed = 00:00:07 . Memory (MB): peak = 1331.246 ; gain = 0.000

Phase 4.4 Final Placement Cleanup
Netlist sorting complete. Time (s): cpu = 00:00:00 ; elapsed = 00:00:00 . Memory (MB): peak = 1331.246 ; gain = 0.000
Phase 4.4 Final Placement Cleanup | Checksum: 1f93cf670

Time (s): cpu = 00:00:06 ; elapsed = 00:00:07 . Memory (MB): peak = 1331.246 ; gain = 0.000
Phase 4 Post Placement Optimization and Clean-Up | Checksum: 1f93cf670

Time (s): cpu = 00:00:06 ; elapsed = 00:00:07 . Memory (MB): peak = 1331.246 ; gain = 0.000
Ending Placer Task | Checksum: 1b125ad9e

Time (s): cpu = 00:00:06 ; elapsed = 00:00:07 . Memory (MB): peak = 1331.246 ; gain = 0.000
INFO: [Common 17-83] Releasing license: Implementation
53 Infos, 0 Warnings, 0 Critical Warnings and 0 Errors encountered.
place_design completed successfully
place_design: Time (s): cpu = 00:00:09 ; elapsed = 00:00:09 . Memory (MB): peak = 1331.246 ; gain = 0.000
Netlist sorting complete. Time (s): cpu = 00:00:00 ; elapsed = 00:00:00 . Memory (MB): peak = 1331.246 ; gain = 0.000
INFO: [Timing 38-480] Writing timing data to binary archive.
Writing placer database...
Writing XDEF routing.
Writing XDEF routing logical nets.
Writing XDEF routing special nets.
Write XDEF Complete: Time (s): cpu = 00:00:01 ; elapsed = 00:00:00.114 . Memory (MB): peak = 1331.246 ; gain = 0.000
WARNING: [Runs 36-115] Could not delete directory 'E:/Dropbox/Rodgel/Projects/1402/Triangle-TeraHertz/vhdl code/Triangle_Terahertz_FPGA_Ver4.vhd.runs/impl_1/.Xil/Vivado-14684-DESKTOP-QDR8KCM/dcp1'.
INFO: [Common 17-1381] The checkpoint 'E:/Dropbox/Rodgel/Projects/1402/Triangle-TeraHertz/vhdl code/Triangle_Terahertz_FPGA_Ver4.vhd.runs/impl_1/UART_Test_placed.dcp' has been generated.
INFO: [runtcl-4] Executing : report_io -file UART_Test_io_placed.rpt
report_io: Time (s): cpu = 00:00:00 ; elapsed = 00:00:00.097 . Memory (MB): peak = 1331.246 ; gain = 0.000
INFO: [runtcl-4] Executing : report_utilization -file UART_Test_utilization_placed.rpt -pb UART_Test_utilization_placed.pb
INFO: [runtcl-4] Executing : report_control_sets -verbose -file UART_Test_control_sets_placed.rpt
report_control_sets: Time (s): cpu = 00:00:00 ; elapsed = 00:00:00.007 . Memory (MB): peak = 1331.246 ; gain = 0.000
Command: route_design
Attempting to get a license for feature 'Implementation' and/or device 'xc7s25'
INFO: [Common 17-349] Got license for feature 'Implementation' and/or device 'xc7s25'
Running DRC as a precondition to command route_design
INFO: [DRC 23-27] Running DRC with 2 threads
INFO: [Vivado_Tcl 4-198] DRC finished with 0 Errors
INFO: [Vivado_Tcl 4-199] Please refer to the DRC report (report_drc) for more information.


Starting Routing Task
INFO: [Route 35-254] Multithreading enabled for route_design using a maximum of 2 CPUs
Checksum: PlaceDB: e0eb0c27 ConstDB: 0 ShapeSum: d03aa177 RouteDB: 0

Phase 1 Build RT Design
Phase 1 Build RT Design | Checksum: c3ee1457

Time (s): cpu = 00:00:22 ; elapsed = 00:00:21 . Memory (MB): peak = 1387.160 ; gain = 43.176
Post Restoration Checksum: NetGraph: 407a7c2d NumContArr: 8373982a Constraints: 0 Timing: 0

Phase 2 Router Initialization

Phase 2.1 Create Timer
Phase 2.1 Create Timer | Checksum: c3ee1457

Time (s): cpu = 00:00:22 ; elapsed = 00:00:21 . Memory (MB): peak = 1419.496 ; gain = 75.512

Phase 2.2 Fix Topology Constraints
Phase 2.2 Fix Topology Constraints | Checksum: c3ee1457

Time (s): cpu = 00:00:22 ; elapsed = 00:00:21 . Memory (MB): peak = 1425.523 ; gain = 81.539

Phase 2.3 Pre Route Cleanup
Phase 2.3 Pre Route Cleanup | Checksum: c3ee1457

Time (s): cpu = 00:00:22 ; elapsed = 00:00:21 . Memory (MB): peak = 1425.523 ; gain = 81.539
 Number of Nodes with overlaps = 0

Phase 2.4 Update Timing
Phase 2.4 Update Timing | Checksum: 213938589

Time (s): cpu = 00:00:22 ; elapsed = 00:00:22 . Memory (MB): peak = 1428.715 ; gain = 84.730
INFO: [Route 35-416] Intermediate Timing Summary | WNS=78.984 | TNS=0.000  | WHS=-0.085 | THS=-1.381 |

Phase 2 Router Initialization | Checksum: 1a82a8e28

Time (s): cpu = 00:00:22 ; elapsed = 00:00:22 . Memory (MB): peak = 1428.715 ; gain = 84.730

Router Utilization Summary
  Global Vertical Routing Utilization    = 0 %
  Global Horizontal Routing Utilization  = 0 %
  Routable Net Status*
  *Does not include unroutable nets such as driverless and loadless.
  Run report_route_status for detailed report.
  Number of Failed Nets               = 109
    (Failed Nets is the sum of unrouted and partially routed nets)
  Number of Unrouted Nets             = 109
  Number of Partially Routed Nets     = 0
  Number of Node Overlaps             = 0


Phase 3 Initial Routing
Phase 3 Initial Routing | Checksum: 1514395ff

Time (s): cpu = 00:00:23 ; elapsed = 00:00:22 . Memory (MB): peak = 1428.715 ; gain = 84.730

Phase 4 Rip-up And Reroute

Phase 4.1 Global Iteration 0
 Number of Nodes with overlaps = 10
 Number of Nodes with overlaps = 0
INFO: [Route 35-416] Intermediate Timing Summary | WNS=78.326 | TNS=0.000  | WHS=N/A    | THS=N/A    |

Phase 4.1 Global Iteration 0 | Checksum: 1e4f8c633

Time (s): cpu = 00:00:23 ; elapsed = 00:00:22 . Memory (MB): peak = 1428.715 ; gain = 84.730
Phase 4 Rip-up And Reroute | Checksum: 1e4f8c633

Time (s): cpu = 00:00:23 ; elapsed = 00:00:22 . Memory (MB): peak = 1428.715 ; gain = 84.730

Phase 5 Delay and Skew Optimization

Phase 5.1 Delay CleanUp

Phase 5.1.1 Update Timing
Phase 5.1.1 Update Timing | Checksum: 1e4f8c633

Time (s): cpu = 00:00:23 ; elapsed = 00:00:22 . Memory (MB): peak = 1428.715 ; gain = 84.730
INFO: [Route 35-416] Intermediate Timing Summary | WNS=78.418 | TNS=0.000  | WHS=N/A    | THS=N/A    |

Phase 5.1 Delay CleanUp | Checksum: 1e4f8c633

Time (s): cpu = 00:00:23 ; elapsed = 00:00:22 . Memory (MB): peak = 1428.715 ; gain = 84.730

Phase 5.2 Clock Skew Optimization
Phase 5.2 Clock Skew Optimization | Checksum: 1e4f8c633

Time (s): cpu = 00:00:23 ; elapsed = 00:00:22 . Memory (MB): peak = 1428.715 ; gain = 84.730
Phase 5 Delay and Skew Optimization | Checksum: 1e4f8c633

Time (s): cpu = 00:00:23 ; elapsed = 00:00:22 . Memory (MB): peak = 1428.715 ; gain = 84.730

Phase 6 Post Hold Fix

Phase 6.1 Hold Fix Iter

Phase 6.1.1 Update Timing
Phase 6.1.1 Update Timing | Checksum: 194f5d4dd

Time (s): cpu = 00:00:23 ; elapsed = 00:00:22 . Memory (MB): peak = 1428.715 ; gain = 84.730
INFO: [Route 35-416] Intermediate Timing Summary | WNS=78.418 | TNS=0.000  | WHS=0.230  | THS=0.000  |

Phase 6.1 Hold Fix Iter | Checksum: 16e32dda2

Time (s): cpu = 00:00:23 ; elapsed = 00:00:22 . Memory (MB): peak = 1428.715 ; gain = 84.730
Phase 6 Post Hold Fix | Checksum: 16e32dda2

Time (s): cpu = 00:00:23 ; elapsed = 00:00:22 . Memory (MB): peak = 1428.715 ; gain = 84.730

Phase 7 Route finalize

Router Utilization Summary
  Global Vertical Routing Utilization    = 0.0275012 %
  Global Horizontal Routing Utilization  = 0.0337977 %
  Routable Net Status*
  *Does not include unroutable nets such as driverless and loadless.
  Run report_route_status for detailed report.
  Number of Failed Nets               = 0
    (Failed Nets is the sum of unrouted and partially routed nets)
  Number of Unrouted Nets             = 0
  Number of Partially Routed Nets     = 0
  Number of Node Overlaps             = 0

Phase 7 Route finalize | Checksum: 19b6417d9

Time (s): cpu = 00:00:23 ; elapsed = 00:00:22 . Memory (MB): peak = 1428.715 ; gain = 84.730

Phase 8 Verifying routed nets

 Verification completed successfully
Phase 8 Verifying routed nets | Checksum: 19b6417d9

Time (s): cpu = 00:00:23 ; elapsed = 00:00:22 . Memory (MB): peak = 1430.254 ; gain = 86.270

Phase 9 Depositing Routes
Phase 9 Depositing Routes | Checksum: 125dd4600

Time (s): cpu = 00:00:23 ; elapsed = 00:00:22 . Memory (MB): peak = 1430.254 ; gain = 86.270

Phase 10 Post Router Timing
INFO: [Route 35-57] Estimated Timing Summary | WNS=78.418 | TNS=0.000  | WHS=0.230  | THS=0.000  |

INFO: [Route 35-327] The final timing numbers are based on the router estimated timing analysis. For a complete and accurate timing signoff, please run report_timing_summary.
Phase 10 Post Router Timing | Checksum: 125dd4600

Time (s): cpu = 00:00:23 ; elapsed = 00:00:22 . Memory (MB): peak = 1430.254 ; gain = 86.270
INFO: [Route 35-16] Router Completed Successfully

Time (s): cpu = 00:00:23 ; elapsed = 00:00:22 . Memory (MB): peak = 1430.254 ; gain = 86.270

Routing Is Done.
INFO: [Common 17-83] Releasing license: Implementation
71 Infos, 1 Warnings, 0 Critical Warnings and 0 Errors encountered.
route_design completed successfully
route_design: Time (s): cpu = 00:00:26 ; elapsed = 00:00:24 . Memory (MB): peak = 1430.254 ; gain = 99.008
Netlist sorting complete. Time (s): cpu = 00:00:00 ; elapsed = 00:00:00 . Memory (MB): peak = 1430.254 ; gain = 0.000
INFO: [Timing 38-480] Writing timing data to binary archive.
Writing placer database...
Writing XDEF routing.
Writing XDEF routing logical nets.
Writing XDEF routing special nets.
Write XDEF Complete: Time (s): cpu = 00:00:00 ; elapsed = 00:00:00.133 . Memory (MB): peak = 1440.137 ; gain = 9.883
INFO: [Common 17-1381] The checkpoint 'E:/Dropbox/Rodgel/Projects/1402/Triangle-TeraHertz/vhdl code/Triangle_Terahertz_FPGA_Ver4.vhd.runs/impl_1/UART_Test_routed.dcp' has been generated.
INFO: [runtcl-4] Executing : report_drc -file UART_Test_drc_routed.rpt -pb UART_Test_drc_routed.pb -rpx UART_Test_drc_routed.rpx
Command: report_drc -file UART_Test_drc_routed.rpt -pb UART_Test_drc_routed.pb -rpx UART_Test_drc_routed.rpx
INFO: [IP_Flow 19-1839] IP Catalog is up to date.
INFO: [DRC 23-27] Running DRC with 2 threads
INFO: [Coretcl 2-168] The results of DRC are in file E:/Dropbox/Rodgel/Projects/1402/Triangle-TeraHertz/vhdl code/Triangle_Terahertz_FPGA_Ver4.vhd.runs/impl_1/UART_Test_drc_routed.rpt.
report_drc completed successfully
INFO: [runtcl-4] Executing : report_methodology -file UART_Test_methodology_drc_routed.rpt -pb UART_Test_methodology_drc_routed.pb -rpx UART_Test_methodology_drc_routed.rpx
Command: report_methodology -file UART_Test_methodology_drc_routed.rpt -pb UART_Test_methodology_drc_routed.pb -rpx UART_Test_methodology_drc_routed.rpx
INFO: [Timing 38-35] Done setting XDC timing constraints.
INFO: [DRC 23-133] Running Methodology with 2 threads
INFO: [Coretcl 2-1520] The results of Report Methodology are in file E:/Dropbox/Rodgel/Projects/1402/Triangle-TeraHertz/vhdl code/Triangle_Terahertz_FPGA_Ver4.vhd.runs/impl_1/UART_Test_methodology_drc_routed.rpt.
report_methodology completed successfully
INFO: [runtcl-4] Executing : report_power -file UART_Test_power_routed.rpt -pb UART_Test_power_summary_routed.pb -rpx UART_Test_power_routed.rpx
Command: report_power -file UART_Test_power_routed.rpt -pb UART_Test_power_summary_routed.pb -rpx UART_Test_power_routed.rpx
INFO: [Timing 38-35] Done setting XDC timing constraints.
Running Vector-less Activity Propagation...

Finished Running Vector-less Activity Propagation
83 Infos, 1 Warnings, 0 Critical Warnings and 0 Errors encountered.
report_power completed successfully
INFO: [runtcl-4] Executing : report_route_status -file UART_Test_route_status.rpt -pb UART_Test_route_status.pb
INFO: [runtcl-4] Executing : report_timing_summary -max_paths 10 -file UART_Test_timing_summary_routed.rpt -pb UART_Test_timing_summary_routed.pb -rpx UART_Test_timing_summary_routed.rpx -warn_on_violation 
INFO: [Timing 38-91] UpdateTimingParams: Speed grade: -1, Delay Type: min_max.
INFO: [Timing 38-191] Multithreading enabled for timing update using a maximum of 2 CPUs
INFO: [runtcl-4] Executing : report_incremental_reuse -file UART_Test_incremental_reuse_routed.rpt
INFO: [Vivado_Tcl 4-1062] Incremental flow is disabled. No incremental reuse Info to report.
INFO: [runtcl-4] Executing : report_clock_utilization -file UART_Test_clock_utilization_routed.rpt
INFO: [runtcl-4] Executing : report_bus_skew -warn_on_violation -file UART_Test_bus_skew_routed.rpt -pb UART_Test_bus_skew_routed.pb -rpx UART_Test_bus_skew_routed.rpx
INFO: [Timing 38-91] UpdateTimingParams: Speed grade: -1, Delay Type: min_max.
INFO: [Timing 38-191] Multithreading enabled for timing update using a maximum of 2 CPUs
Command: write_bitstream -force UART_Test.bit
Attempting to get a license for feature 'Implementation' and/or device 'xc7s25'
INFO: [Common 17-349] Got license for feature 'Implementation' and/or device 'xc7s25'
Running DRC as a precondition to command write_bitstream
INFO: [IP_Flow 19-1839] IP Catalog is up to date.
INFO: [DRC 23-27] Running DRC with 2 threads
WARNING: [DRC CFGBVS-1] Missing CFGBVS and CONFIG_VOLTAGE Design Properties: Neither the CFGBVS nor CONFIG_VOLTAGE voltage property is set in the current_design.  Configuration bank voltage select (CFGBVS) must be set to VCCO or GND, and CONFIG_VOLTAGE must be set to the correct configuration voltage, in order to determine the I/O voltage support for the pins in bank 0.  It is suggested to specify these either using the 'Edit Device Properties' function in the GUI or directly in the XDC file using the following syntax:

 set_property CFGBVS value1 [current_design]
 #where value1 is either VCCO or GND

 set_property CONFIG_VOLTAGE value2 [current_design]
 #where value2 is the voltage provided to configuration bank 0

Refer to the device configuration user guide for more information.
INFO: [Vivado 12-3199] DRC finished with 0 Errors, 1 Warnings
INFO: [Vivado 12-3200] Please refer to the DRC report (report_drc) for more information.
INFO: [Designutils 20-2272] Running write_bitstream with 2 threads.
Loading data files...
Loading site data...
Loading route data...
Processing options...
Creating bitmap...
Creating bitstream...
Bitstream compression saved 8582016 bits.
Writing bitstream ./UART_Test.bit...
INFO: [Vivado 12-1842] Bitgen Completed Successfully.
INFO: [Project 1-120] WebTalk data collection is mandatory when using a WebPACK part without a full Vivado license. To see the specific WebTalk data collected for your design, open the usage_statistics_webtalk.html or usage_statistics_webtalk.xml file in the implementation directory.
INFO: [Common 17-83] Releasing license: Implementation
102 Infos, 2 Warnings, 0 Critical Warnings and 0 Errors encountered.
write_bitstream completed successfully
write_bitstream: Time (s): cpu = 00:00:17 ; elapsed = 00:00:21 . Memory (MB): peak = 1859.746 ; gain = 392.141
INFO: [Common 17-206] Exiting Vivado at Sat Feb 15 19:17:36 2025...

*** Halting run - EA reset detected ***


*** Halting run - EA reset detected ***


*** Halting run - EA reset detected ***


*** Running vivado
    with args -log UART_Test.vdi -applog -m64 -product Vivado -messageDb vivado.pb -mode batch -source UART_Test.tcl -notrace


****** Vivado v2019.1 (64-bit)
  **** SW Build 2552052 on Fri May 24 14:49:42 MDT 2019
  **** IP Build 2548770 on Fri May 24 18:01:18 MDT 2019
    ** Copyright 1986-2019 Xilinx, Inc. All Rights Reserved.

source UART_Test.tcl -notrace
Command: link_design -top UART_Test -part xc7s25csga225-1
Design is defaulting to srcset: sources_1
Design is defaulting to constrset: constrs_1
INFO: [Device 21-403] Loading part xc7s25csga225-1
INFO: [Netlist 29-17] Analyzing 6 Unisim elements for replacement
INFO: [Netlist 29-28] Unisim Transformation completed in 0 CPU seconds
INFO: [Project 1-479] Netlist was created with Vivado 2019.1
INFO: [Project 1-570] Preparing netlist for logic optimization
Parsing XDC File [E:/Dropbox/Rodgel/Projects/1402/Triangle-TeraHertz/vhdl code/Triangle_Terahertz_FPGA_Ver4.vhd.srcs/constrs_1/new/Cmod-S7-25-Master.xdc]
Finished Parsing XDC File [E:/Dropbox/Rodgel/Projects/1402/Triangle-TeraHertz/vhdl code/Triangle_Terahertz_FPGA_Ver4.vhd.srcs/constrs_1/new/Cmod-S7-25-Master.xdc]
INFO: [Opt 31-138] Pushed 0 inverter(s) to 0 load pin(s).
Netlist sorting complete. Time (s): cpu = 00:00:00 ; elapsed = 00:00:00 . Memory (MB): peak = 721.289 ; gain = 0.000
INFO: [Project 1-111] Unisim Transformation Summary:
No Unisim elements were transformed.

7 Infos, 0 Warnings, 0 Critical Warnings and 0 Errors encountered.
link_design completed successfully
link_design: Time (s): cpu = 00:00:10 ; elapsed = 00:00:15 . Memory (MB): peak = 725.305 ; gain = 366.516
Command: opt_design
Attempting to get a license for feature 'Implementation' and/or device 'xc7s25'
INFO: [Common 17-349] Got license for feature 'Implementation' and/or device 'xc7s25'
Running DRC as a precondition to command opt_design

Starting DRC Task
INFO: [DRC 23-27] Running DRC with 2 threads
INFO: [Project 1-461] DRC finished with 0 Errors
INFO: [Project 1-462] Please refer to the DRC report (report_drc) for more information.

Time (s): cpu = 00:00:02 ; elapsed = 00:00:02 . Memory (MB): peak = 742.270 ; gain = 16.965

Starting Cache Timing Information Task
INFO: [Timing 38-35] Done setting XDC timing constraints.
Ending Cache Timing Information Task | Checksum: c0f8969e

Time (s): cpu = 00:00:15 ; elapsed = 00:00:17 . Memory (MB): peak = 1189.137 ; gain = 446.867

Starting Logic Optimization Task

Phase 1 Retarget
INFO: [Opt 31-138] Pushed 0 inverter(s) to 0 load pin(s).
INFO: [Opt 31-49] Retargeted 0 cell(s).
Phase 1 Retarget | Checksum: c0f8969e

Time (s): cpu = 00:00:00 ; elapsed = 00:00:00.082 . Memory (MB): peak = 1189.137 ; gain = 0.000
INFO: [Opt 31-389] Phase Retarget created 0 cells and removed 0 cells

Phase 2 Constant propagation
INFO: [Opt 31-138] Pushed 0 inverter(s) to 0 load pin(s).
Phase 2 Constant propagation | Checksum: c0f8969e

Time (s): cpu = 00:00:00 ; elapsed = 00:00:00.092 . Memory (MB): peak = 1189.137 ; gain = 0.000
INFO: [Opt 31-389] Phase Constant propagation created 0 cells and removed 0 cells

Phase 3 Sweep
Phase 3 Sweep | Checksum: 70ae3160

Time (s): cpu = 00:00:00 ; elapsed = 00:00:00.132 . Memory (MB): peak = 1189.137 ; gain = 0.000
INFO: [Opt 31-389] Phase Sweep created 0 cells and removed 0 cells

Phase 4 BUFG optimization
Phase 4 BUFG optimization | Checksum: 70ae3160

Time (s): cpu = 00:00:00 ; elapsed = 00:00:00.151 . Memory (MB): peak = 1189.137 ; gain = 0.000
INFO: [Opt 31-662] Phase BUFG optimization created 0 cells of which 0 are BUFGs and removed 0 cells.

Phase 5 Shift Register Optimization
INFO: [Opt 31-1064] SRL Remap converted 0 SRLs to 0 registers and converted 0 registers of register chains to 0 SRLs
Phase 5 Shift Register Optimization | Checksum: 70ae3160

Time (s): cpu = 00:00:00 ; elapsed = 00:00:00.161 . Memory (MB): peak = 1189.137 ; gain = 0.000
INFO: [Opt 31-389] Phase Shift Register Optimization created 0 cells and removed 0 cells

Phase 6 Post Processing Netlist
Phase 6 Post Processing Netlist | Checksum: 70ae3160

Time (s): cpu = 00:00:00 ; elapsed = 00:00:00.166 . Memory (MB): peak = 1189.137 ; gain = 0.000
INFO: [Opt 31-389] Phase Post Processing Netlist created 0 cells and removed 0 cells
Opt_design Change Summary
=========================


-------------------------------------------------------------------------------------------------------------------------
|  Phase                        |  #Cells created  |  #Cells Removed  |  #Constrained objects preventing optimizations  |
-------------------------------------------------------------------------------------------------------------------------
|  Retarget                     |               0  |               0  |                                              0  |
|  Constant propagation         |               0  |               0  |                                              0  |
|  Sweep                        |               0  |               0  |                                              0  |
|  BUFG optimization            |               0  |               0  |                                              0  |
|  Shift Register Optimization  |               0  |               0  |                                              0  |
|  Post Processing Netlist      |               0  |               0  |                                              0  |
-------------------------------------------------------------------------------------------------------------------------



Starting Connectivity Check Task

Time (s): cpu = 00:00:00 ; elapsed = 00:00:00.003 . Memory (MB): peak = 1189.137 ; gain = 0.000
Ending Logic Optimization Task | Checksum: 14197a5e7

Time (s): cpu = 00:00:00 ; elapsed = 00:00:00.194 . Memory (MB): peak = 1189.137 ; gain = 0.000

Starting Power Optimization Task
INFO: [Pwropt 34-132] Skipping clock gating for clocks with a period < 2.00 ns.
Ending Power Optimization Task | Checksum: 14197a5e7

Time (s): cpu = 00:00:00 ; elapsed = 00:00:00.029 . Memory (MB): peak = 1189.137 ; gain = 0.000

Starting Final Cleanup Task
Ending Final Cleanup Task | Checksum: 14197a5e7

Time (s): cpu = 00:00:00 ; elapsed = 00:00:00 . Memory (MB): peak = 1189.137 ; gain = 0.000

Starting Netlist Obfuscation Task
Netlist sorting complete. Time (s): cpu = 00:00:00 ; elapsed = 00:00:00 . Memory (MB): peak = 1189.137 ; gain = 0.000
Ending Netlist Obfuscation Task | Checksum: 14197a5e7

Time (s): cpu = 00:00:00 ; elapsed = 00:00:00.001 . Memory (MB): peak = 1189.137 ; gain = 0.000
INFO: [Common 17-83] Releasing license: Implementation
24 Infos, 0 Warnings, 0 Critical Warnings and 0 Errors encountered.
opt_design completed successfully
opt_design: Time (s): cpu = 00:00:17 ; elapsed = 00:00:20 . Memory (MB): peak = 1189.137 ; gain = 463.832
Netlist sorting complete. Time (s): cpu = 00:00:00 ; elapsed = 00:00:00 . Memory (MB): peak = 1189.137 ; gain = 0.000
INFO: [Timing 38-480] Writing timing data to binary archive.
Writing placer database...
Writing XDEF routing.
Writing XDEF routing logical nets.
Writing XDEF routing special nets.
Write XDEF Complete: Time (s): cpu = 00:00:01 ; elapsed = 00:00:00.106 . Memory (MB): peak = 1189.137 ; gain = 0.000
INFO: [Common 17-1381] The checkpoint 'E:/Dropbox/Rodgel/Projects/1402/Triangle-TeraHertz/vhdl code/Triangle_Terahertz_FPGA_Ver4.vhd.runs/impl_1/UART_Test_opt.dcp' has been generated.
INFO: [runtcl-4] Executing : report_drc -file UART_Test_drc_opted.rpt -pb UART_Test_drc_opted.pb -rpx UART_Test_drc_opted.rpx
Command: report_drc -file UART_Test_drc_opted.rpt -pb UART_Test_drc_opted.pb -rpx UART_Test_drc_opted.rpx
INFO: [IP_Flow 19-234] Refreshing IP repositories
INFO: [IP_Flow 19-1704] No user IP repositories specified
INFO: [IP_Flow 19-2313] Loaded Vivado IP repository 'E:/xilinx/Vivado/2019.1/data/ip'.
INFO: [DRC 23-27] Running DRC with 2 threads
INFO: [Coretcl 2-168] The results of DRC are in file E:/Dropbox/Rodgel/Projects/1402/Triangle-TeraHertz/vhdl code/Triangle_Terahertz_FPGA_Ver4.vhd.runs/impl_1/UART_Test_drc_opted.rpt.
report_drc completed successfully
report_drc: Time (s): cpu = 00:00:05 ; elapsed = 00:00:05 . Memory (MB): peak = 1189.137 ; gain = 0.000
Command: place_design
Attempting to get a license for feature 'Implementation' and/or device 'xc7s25'
INFO: [Common 17-349] Got license for feature 'Implementation' and/or device 'xc7s25'
INFO: [DRC 23-27] Running DRC with 2 threads
INFO: [Vivado_Tcl 4-198] DRC finished with 0 Errors
INFO: [Vivado_Tcl 4-199] Please refer to the DRC report (report_drc) for more information.
Running DRC as a precondition to command place_design
INFO: [DRC 23-27] Running DRC with 2 threads
INFO: [Vivado_Tcl 4-198] DRC finished with 0 Errors
INFO: [Vivado_Tcl 4-199] Please refer to the DRC report (report_drc) for more information.

Starting Placer Task
INFO: [Place 30-611] Multithreading enabled for place_design using a maximum of 2 CPUs

Phase 1 Placer Initialization

Phase 1.1 Placer Initialization Netlist Sorting
Netlist sorting complete. Time (s): cpu = 00:00:00 ; elapsed = 00:00:00 . Memory (MB): peak = 1189.137 ; gain = 0.000
Phase 1.1 Placer Initialization Netlist Sorting | Checksum: 5c0e496b

Time (s): cpu = 00:00:00 ; elapsed = 00:00:00.017 . Memory (MB): peak = 1189.137 ; gain = 0.000
Netlist sorting complete. Time (s): cpu = 00:00:00 ; elapsed = 00:00:00 . Memory (MB): peak = 1189.137 ; gain = 0.000

Phase 1.2 IO Placement/ Clock Placement/ Build Placer Device
INFO: [Timing 38-35] Done setting XDC timing constraints.
Phase 1.2 IO Placement/ Clock Placement/ Build Placer Device | Checksum: 9c6f5363

Time (s): cpu = 00:00:01 ; elapsed = 00:00:00.847 . Memory (MB): peak = 1189.137 ; gain = 0.000

Phase 1.3 Build Placer Netlist Model
Phase 1.3 Build Placer Netlist Model | Checksum: 10f615cd1

Time (s): cpu = 00:00:02 ; elapsed = 00:00:01 . Memory (MB): peak = 1189.137 ; gain = 0.000

Phase 1.4 Constrain Clocks/Macros
Phase 1.4 Constrain Clocks/Macros | Checksum: 10f615cd1

Time (s): cpu = 00:00:02 ; elapsed = 00:00:01 . Memory (MB): peak = 1189.137 ; gain = 0.000
Phase 1 Placer Initialization | Checksum: 10f615cd1

Time (s): cpu = 00:00:02 ; elapsed = 00:00:01 . Memory (MB): peak = 1189.137 ; gain = 0.000

Phase 2 Global Placement

Phase 2.1 Floorplanning
Phase 2.1 Floorplanning | Checksum: 1276759cf

Time (s): cpu = 00:00:02 ; elapsed = 00:00:01 . Memory (MB): peak = 1189.137 ; gain = 0.000

Phase 2.2 Global Placement Core

Phase 2.2.1 Physical Synthesis In Placer
INFO: [Physopt 32-65] No nets found for high-fanout optimization.
INFO: [Physopt 32-232] Optimized 0 net. Created 0 new instance.
INFO: [Physopt 32-775] End 1 Pass. Optimized 0 net or cell. Created 0 new cell, deleted 0 existing cell and moved 0 existing cell
INFO: [Physopt 32-670] No setup violation found.  DSP Register Optimization was not performed.
INFO: [Physopt 32-670] No setup violation found.  Shift Register Optimization was not performed.
INFO: [Physopt 32-670] No setup violation found.  BRAM Register Optimization was not performed.
INFO: [Physopt 32-949] No candidate nets found for HD net replication
INFO: [Physopt 32-775] End 1 Pass. Optimized 0 net or cell. Created 0 new cell, deleted 0 existing cell and moved 0 existing cell
Netlist sorting complete. Time (s): cpu = 00:00:00 ; elapsed = 00:00:00 . Memory (MB): peak = 1189.137 ; gain = 0.000

Summary of Physical Synthesis Optimizations
============================================


----------------------------------------------------------------------------------------------------------------------------------------
|  Optimization                  |  Added Cells  |  Removed Cells  |  Optimized Cells/Nets  |  Dont Touch  |  Iterations  |  Elapsed   |
----------------------------------------------------------------------------------------------------------------------------------------
|  Very High Fanout              |            0  |              0  |                     0  |           0  |           1  |  00:00:00  |
|  DSP Register                  |            0  |              0  |                     0  |           0  |           0  |  00:00:00  |
|  Shift Register                |            0  |              0  |                     0  |           0  |           0  |  00:00:00  |
|  BRAM Register                 |            0  |              0  |                     0  |           0  |           0  |  00:00:00  |
|  HD Interface Net Replication  |            0  |              0  |                     0  |           0  |           1  |  00:00:00  |
|  Total                         |            0  |              0  |                     0  |           0  |           2  |  00:00:00  |
----------------------------------------------------------------------------------------------------------------------------------------


Phase 2.2.1 Physical Synthesis In Placer | Checksum: bd0d374d

Time (s): cpu = 00:00:07 ; elapsed = 00:00:05 . Memory (MB): peak = 1189.137 ; gain = 0.000
Phase 2.2 Global Placement Core | Checksum: 12834b287

Time (s): cpu = 00:00:07 ; elapsed = 00:00:05 . Memory (MB): peak = 1189.137 ; gain = 0.000
Phase 2 Global Placement | Checksum: 12834b287

Time (s): cpu = 00:00:07 ; elapsed = 00:00:05 . Memory (MB): peak = 1189.137 ; gain = 0.000

Phase 3 Detail Placement

Phase 3.1 Commit Multi Column Macros
Phase 3.1 Commit Multi Column Macros | Checksum: e97151f6

Time (s): cpu = 00:00:07 ; elapsed = 00:00:05 . Memory (MB): peak = 1189.137 ; gain = 0.000

Phase 3.2 Commit Most Macros & LUTRAMs
Phase 3.2 Commit Most Macros & LUTRAMs | Checksum: e893ad46

Time (s): cpu = 00:00:07 ; elapsed = 00:00:05 . Memory (MB): peak = 1189.137 ; gain = 0.000

Phase 3.3 Area Swap Optimization
Phase 3.3 Area Swap Optimization | Checksum: 95648632

Time (s): cpu = 00:00:07 ; elapsed = 00:00:05 . Memory (MB): peak = 1189.137 ; gain = 0.000

Phase 3.4 Pipeline Register Optimization
Phase 3.4 Pipeline Register Optimization | Checksum: 13c6e7fde

Time (s): cpu = 00:00:07 ; elapsed = 00:00:05 . Memory (MB): peak = 1189.137 ; gain = 0.000

Phase 3.5 Small Shape Detail Placement
Phase 3.5 Small Shape Detail Placement | Checksum: 10730607a

Time (s): cpu = 00:00:07 ; elapsed = 00:00:05 . Memory (MB): peak = 1189.137 ; gain = 0.000

Phase 3.6 Re-assign LUT pins
Phase 3.6 Re-assign LUT pins | Checksum: 1c9d9cad4

Time (s): cpu = 00:00:07 ; elapsed = 00:00:05 . Memory (MB): peak = 1189.137 ; gain = 0.000

Phase 3.7 Pipeline Register Optimization
Phase 3.7 Pipeline Register Optimization | Checksum: 1f6e3b480

Time (s): cpu = 00:00:07 ; elapsed = 00:00:05 . Memory (MB): peak = 1189.137 ; gain = 0.000
Phase 3 Detail Placement | Checksum: 1f6e3b480

Time (s): cpu = 00:00:07 ; elapsed = 00:00:05 . Memory (MB): peak = 1189.137 ; gain = 0.000

Phase 4 Post Placement Optimization and Clean-Up

Phase 4.1 Post Commit Optimization
INFO: [Timing 38-35] Done setting XDC timing constraints.

Phase 4.1.1 Post Placement Optimization
Post Placement Optimization Initialization | Checksum: 1ace62675

Phase 4.1.1.1 BUFG Insertion
INFO: [Place 46-56] BUFG insertion identified 0 candidate nets. Inserted BUFG: 0, Replicated BUFG Driver: 0, Skipped due to Placement/Routing Conflicts: 0, Skipped due to Timing Degradation: 0, Skipped due to Illegal Netlist: 0.
Phase 4.1.1.1 BUFG Insertion | Checksum: 1ace62675

Time (s): cpu = 00:00:07 ; elapsed = 00:00:05 . Memory (MB): peak = 1189.137 ; gain = 0.000
INFO: [Place 30-746] Post Placement Timing Summary WNS=78.932. For the most accurate timing information please run report_timing.
Phase 4.1.1 Post Placement Optimization | Checksum: 1404e69e0

Time (s): cpu = 00:00:07 ; elapsed = 00:00:05 . Memory (MB): peak = 1189.137 ; gain = 0.000
Phase 4.1 Post Commit Optimization | Checksum: 1404e69e0

Time (s): cpu = 00:00:07 ; elapsed = 00:00:05 . Memory (MB): peak = 1189.137 ; gain = 0.000

Phase 4.2 Post Placement Cleanup
Phase 4.2 Post Placement Cleanup | Checksum: 1404e69e0

Time (s): cpu = 00:00:07 ; elapsed = 00:00:05 . Memory (MB): peak = 1189.137 ; gain = 0.000

Phase 4.3 Placer Reporting
Phase 4.3 Placer Reporting | Checksum: 1404e69e0

Time (s): cpu = 00:00:07 ; elapsed = 00:00:05 . Memory (MB): peak = 1189.137 ; gain = 0.000

Phase 4.4 Final Placement Cleanup
Netlist sorting complete. Time (s): cpu = 00:00:00 ; elapsed = 00:00:00 . Memory (MB): peak = 1189.137 ; gain = 0.000
Phase 4.4 Final Placement Cleanup | Checksum: 1f93cf670

Time (s): cpu = 00:00:07 ; elapsed = 00:00:05 . Memory (MB): peak = 1189.137 ; gain = 0.000
Phase 4 Post Placement Optimization and Clean-Up | Checksum: 1f93cf670

Time (s): cpu = 00:00:07 ; elapsed = 00:00:05 . Memory (MB): peak = 1189.137 ; gain = 0.000
Ending Placer Task | Checksum: 1b125ad9e

Time (s): cpu = 00:00:07 ; elapsed = 00:00:05 . Memory (MB): peak = 1189.137 ; gain = 0.000
INFO: [Common 17-83] Releasing license: Implementation
53 Infos, 0 Warnings, 0 Critical Warnings and 0 Errors encountered.
place_design completed successfully
place_design: Time (s): cpu = 00:00:09 ; elapsed = 00:00:07 . Memory (MB): peak = 1189.137 ; gain = 0.000
Netlist sorting complete. Time (s): cpu = 00:00:00 ; elapsed = 00:00:00 . Memory (MB): peak = 1189.137 ; gain = 0.000
INFO: [Timing 38-480] Writing timing data to binary archive.
Writing placer database...
Writing XDEF routing.
Writing XDEF routing logical nets.
Writing XDEF routing special nets.
Write XDEF Complete: Time (s): cpu = 00:00:01 ; elapsed = 00:00:00.109 . Memory (MB): peak = 1189.137 ; gain = 0.000
WARNING: [Runs 36-115] Could not delete directory 'E:/Dropbox/Rodgel/Projects/1402/Triangle-TeraHertz/vhdl code/Triangle_Terahertz_FPGA_Ver4.vhd.runs/impl_1/.Xil/Vivado-10188-DESKTOP-QDR8KCM/dcp1'.
INFO: [Common 17-1381] The checkpoint 'E:/Dropbox/Rodgel/Projects/1402/Triangle-TeraHertz/vhdl code/Triangle_Terahertz_FPGA_Ver4.vhd.runs/impl_1/UART_Test_placed.dcp' has been generated.
INFO: [runtcl-4] Executing : report_io -file UART_Test_io_placed.rpt
report_io: Time (s): cpu = 00:00:00 ; elapsed = 00:00:00.071 . Memory (MB): peak = 1192.879 ; gain = 0.000
INFO: [runtcl-4] Executing : report_utilization -file UART_Test_utilization_placed.rpt -pb UART_Test_utilization_placed.pb
INFO: [runtcl-4] Executing : report_control_sets -verbose -file UART_Test_control_sets_placed.rpt
report_control_sets: Time (s): cpu = 00:00:00 ; elapsed = 00:00:00.007 . Memory (MB): peak = 1192.879 ; gain = 0.000
Command: route_design
Attempting to get a license for feature 'Implementation' and/or device 'xc7s25'
INFO: [Common 17-349] Got license for feature 'Implementation' and/or device 'xc7s25'
Running DRC as a precondition to command route_design
INFO: [DRC 23-27] Running DRC with 2 threads
INFO: [Vivado_Tcl 4-198] DRC finished with 0 Errors
INFO: [Vivado_Tcl 4-199] Please refer to the DRC report (report_drc) for more information.


Starting Routing Task
INFO: [Route 35-254] Multithreading enabled for route_design using a maximum of 2 CPUs
Checksum: PlaceDB: e0eb0c27 ConstDB: 0 ShapeSum: d03aa177 RouteDB: 0

Phase 1 Build RT Design
Phase 1 Build RT Design | Checksum: c3ee1457

Time (s): cpu = 00:00:26 ; elapsed = 00:00:30 . Memory (MB): peak = 1257.898 ; gain = 50.496
Post Restoration Checksum: NetGraph: 407a7c2d NumContArr: 8373982a Constraints: 0 Timing: 0

Phase 2 Router Initialization

Phase 2.1 Create Timer
Phase 2.1 Create Timer | Checksum: c3ee1457

Time (s): cpu = 00:00:26 ; elapsed = 00:00:30 . Memory (MB): peak = 1290.203 ; gain = 82.801

Phase 2.2 Fix Topology Constraints
Phase 2.2 Fix Topology Constraints | Checksum: c3ee1457

Time (s): cpu = 00:00:26 ; elapsed = 00:00:30 . Memory (MB): peak = 1296.785 ; gain = 89.383

Phase 2.3 Pre Route Cleanup
Phase 2.3 Pre Route Cleanup | Checksum: c3ee1457

Time (s): cpu = 00:00:26 ; elapsed = 00:00:30 . Memory (MB): peak = 1296.785 ; gain = 89.383
 Number of Nodes with overlaps = 0

Phase 2.4 Update Timing
Phase 2.4 Update Timing | Checksum: 213938589

Time (s): cpu = 00:00:27 ; elapsed = 00:00:30 . Memory (MB): peak = 1299.434 ; gain = 92.031
INFO: [Route 35-416] Intermediate Timing Summary | WNS=78.984 | TNS=0.000  | WHS=-0.085 | THS=-1.381 |

Phase 2 Router Initialization | Checksum: 1a82a8e28

Time (s): cpu = 00:00:27 ; elapsed = 00:00:30 . Memory (MB): peak = 1299.434 ; gain = 92.031

Router Utilization Summary
  Global Vertical Routing Utilization    = 0 %
  Global Horizontal Routing Utilization  = 0 %
  Routable Net Status*
  *Does not include unroutable nets such as driverless and loadless.
  Run report_route_status for detailed report.
  Number of Failed Nets               = 109
    (Failed Nets is the sum of unrouted and partially routed nets)
  Number of Unrouted Nets             = 109
  Number of Partially Routed Nets     = 0
  Number of Node Overlaps             = 0


Phase 3 Initial Routing
Phase 3 Initial Routing | Checksum: 1514395ff

Time (s): cpu = 00:00:27 ; elapsed = 00:00:31 . Memory (MB): peak = 1299.434 ; gain = 92.031

Phase 4 Rip-up And Reroute

Phase 4.1 Global Iteration 0
 Number of Nodes with overlaps = 10
 Number of Nodes with overlaps = 0
INFO: [Route 35-416] Intermediate Timing Summary | WNS=78.326 | TNS=0.000  | WHS=N/A    | THS=N/A    |

Phase 4.1 Global Iteration 0 | Checksum: 1e4f8c633

Time (s): cpu = 00:00:27 ; elapsed = 00:00:31 . Memory (MB): peak = 1299.434 ; gain = 92.031
Phase 4 Rip-up And Reroute | Checksum: 1e4f8c633

Time (s): cpu = 00:00:27 ; elapsed = 00:00:31 . Memory (MB): peak = 1299.434 ; gain = 92.031

Phase 5 Delay and Skew Optimization

Phase 5.1 Delay CleanUp

Phase 5.1.1 Update Timing
Phase 5.1.1 Update Timing | Checksum: 1e4f8c633

Time (s): cpu = 00:00:27 ; elapsed = 00:00:31 . Memory (MB): peak = 1299.434 ; gain = 92.031
INFO: [Route 35-416] Intermediate Timing Summary | WNS=78.418 | TNS=0.000  | WHS=N/A    | THS=N/A    |

Phase 5.1 Delay CleanUp | Checksum: 1e4f8c633

Time (s): cpu = 00:00:27 ; elapsed = 00:00:31 . Memory (MB): peak = 1299.434 ; gain = 92.031

Phase 5.2 Clock Skew Optimization
Phase 5.2 Clock Skew Optimization | Checksum: 1e4f8c633

Time (s): cpu = 00:00:27 ; elapsed = 00:00:31 . Memory (MB): peak = 1299.434 ; gain = 92.031
Phase 5 Delay and Skew Optimization | Checksum: 1e4f8c633

Time (s): cpu = 00:00:27 ; elapsed = 00:00:31 . Memory (MB): peak = 1299.434 ; gain = 92.031

Phase 6 Post Hold Fix

Phase 6.1 Hold Fix Iter

Phase 6.1.1 Update Timing
Phase 6.1.1 Update Timing | Checksum: 194f5d4dd

Time (s): cpu = 00:00:27 ; elapsed = 00:00:31 . Memory (MB): peak = 1299.434 ; gain = 92.031
INFO: [Route 35-416] Intermediate Timing Summary | WNS=78.418 | TNS=0.000  | WHS=0.230  | THS=0.000  |

Phase 6.1 Hold Fix Iter | Checksum: 16e32dda2

Time (s): cpu = 00:00:27 ; elapsed = 00:00:31 . Memory (MB): peak = 1299.434 ; gain = 92.031
Phase 6 Post Hold Fix | Checksum: 16e32dda2

Time (s): cpu = 00:00:27 ; elapsed = 00:00:31 . Memory (MB): peak = 1299.434 ; gain = 92.031

Phase 7 Route finalize

Router Utilization Summary
  Global Vertical Routing Utilization    = 0.0275012 %
  Global Horizontal Routing Utilization  = 0.0337977 %
  Routable Net Status*
  *Does not include unroutable nets such as driverless and loadless.
  Run report_route_status for detailed report.
  Number of Failed Nets               = 0
    (Failed Nets is the sum of unrouted and partially routed nets)
  Number of Unrouted Nets             = 0
  Number of Partially Routed Nets     = 0
  Number of Node Overlaps             = 0

Phase 7 Route finalize | Checksum: 19b6417d9

Time (s): cpu = 00:00:27 ; elapsed = 00:00:31 . Memory (MB): peak = 1299.434 ; gain = 92.031

Phase 8 Verifying routed nets

 Verification completed successfully
Phase 8 Verifying routed nets | Checksum: 19b6417d9

Time (s): cpu = 00:00:28 ; elapsed = 00:00:31 . Memory (MB): peak = 1300.914 ; gain = 93.512

Phase 9 Depositing Routes
Phase 9 Depositing Routes | Checksum: 125dd4600

Time (s): cpu = 00:00:28 ; elapsed = 00:00:31 . Memory (MB): peak = 1300.914 ; gain = 93.512

Phase 10 Post Router Timing
INFO: [Route 35-57] Estimated Timing Summary | WNS=78.418 | TNS=0.000  | WHS=0.230  | THS=0.000  |

INFO: [Route 35-327] The final timing numbers are based on the router estimated timing analysis. For a complete and accurate timing signoff, please run report_timing_summary.
Phase 10 Post Router Timing | Checksum: 125dd4600

Time (s): cpu = 00:00:28 ; elapsed = 00:00:31 . Memory (MB): peak = 1300.914 ; gain = 93.512
INFO: [Route 35-16] Router Completed Successfully

Time (s): cpu = 00:00:28 ; elapsed = 00:00:31 . Memory (MB): peak = 1300.914 ; gain = 93.512

Routing Is Done.
INFO: [Common 17-83] Releasing license: Implementation
71 Infos, 1 Warnings, 0 Critical Warnings and 0 Errors encountered.
route_design completed successfully
route_design: Time (s): cpu = 00:00:31 ; elapsed = 00:00:33 . Memory (MB): peak = 1300.914 ; gain = 108.035
Netlist sorting complete. Time (s): cpu = 00:00:00 ; elapsed = 00:00:00 . Memory (MB): peak = 1300.914 ; gain = 0.000
INFO: [Timing 38-480] Writing timing data to binary archive.
Writing placer database...
Writing XDEF routing.
Writing XDEF routing logical nets.
Writing XDEF routing special nets.
Write XDEF Complete: Time (s): cpu = 00:00:00 ; elapsed = 00:00:00.155 . Memory (MB): peak = 1310.789 ; gain = 9.875
INFO: [Common 17-1381] The checkpoint 'E:/Dropbox/Rodgel/Projects/1402/Triangle-TeraHertz/vhdl code/Triangle_Terahertz_FPGA_Ver4.vhd.runs/impl_1/UART_Test_routed.dcp' has been generated.
INFO: [runtcl-4] Executing : report_drc -file UART_Test_drc_routed.rpt -pb UART_Test_drc_routed.pb -rpx UART_Test_drc_routed.rpx
Command: report_drc -file UART_Test_drc_routed.rpt -pb UART_Test_drc_routed.pb -rpx UART_Test_drc_routed.rpx
INFO: [IP_Flow 19-1839] IP Catalog is up to date.
INFO: [DRC 23-27] Running DRC with 2 threads
INFO: [Coretcl 2-168] The results of DRC are in file E:/Dropbox/Rodgel/Projects/1402/Triangle-TeraHertz/vhdl code/Triangle_Terahertz_FPGA_Ver4.vhd.runs/impl_1/UART_Test_drc_routed.rpt.
report_drc completed successfully
INFO: [runtcl-4] Executing : report_methodology -file UART_Test_methodology_drc_routed.rpt -pb UART_Test_methodology_drc_routed.pb -rpx UART_Test_methodology_drc_routed.rpx
Command: report_methodology -file UART_Test_methodology_drc_routed.rpt -pb UART_Test_methodology_drc_routed.pb -rpx UART_Test_methodology_drc_routed.rpx
INFO: [Timing 38-35] Done setting XDC timing constraints.
INFO: [DRC 23-133] Running Methodology with 2 threads
INFO: [Coretcl 2-1520] The results of Report Methodology are in file E:/Dropbox/Rodgel/Projects/1402/Triangle-TeraHertz/vhdl code/Triangle_Terahertz_FPGA_Ver4.vhd.runs/impl_1/UART_Test_methodology_drc_routed.rpt.
report_methodology completed successfully
INFO: [runtcl-4] Executing : report_power -file UART_Test_power_routed.rpt -pb UART_Test_power_summary_routed.pb -rpx UART_Test_power_routed.rpx
Command: report_power -file UART_Test_power_routed.rpt -pb UART_Test_power_summary_routed.pb -rpx UART_Test_power_routed.rpx
INFO: [Timing 38-35] Done setting XDC timing constraints.
Running Vector-less Activity Propagation...

Finished Running Vector-less Activity Propagation
83 Infos, 1 Warnings, 0 Critical Warnings and 0 Errors encountered.
report_power completed successfully
INFO: [runtcl-4] Executing : report_route_status -file UART_Test_route_status.rpt -pb UART_Test_route_status.pb
INFO: [runtcl-4] Executing : report_timing_summary -max_paths 10 -file UART_Test_timing_summary_routed.rpt -pb UART_Test_timing_summary_routed.pb -rpx UART_Test_timing_summary_routed.rpx -warn_on_violation 
INFO: [Timing 38-91] UpdateTimingParams: Speed grade: -1, Delay Type: min_max.
INFO: [Timing 38-191] Multithreading enabled for timing update using a maximum of 2 CPUs
INFO: [runtcl-4] Executing : report_incremental_reuse -file UART_Test_incremental_reuse_routed.rpt
INFO: [Vivado_Tcl 4-1062] Incremental flow is disabled. No incremental reuse Info to report.
INFO: [runtcl-4] Executing : report_clock_utilization -file UART_Test_clock_utilization_routed.rpt
INFO: [runtcl-4] Executing : report_bus_skew -warn_on_violation -file UART_Test_bus_skew_routed.rpt -pb UART_Test_bus_skew_routed.pb -rpx UART_Test_bus_skew_routed.rpx
INFO: [Timing 38-91] UpdateTimingParams: Speed grade: -1, Delay Type: min_max.
INFO: [Timing 38-191] Multithreading enabled for timing update using a maximum of 2 CPUs
Command: write_bitstream -force UART_Test.bit
Attempting to get a license for feature 'Implementation' and/or device 'xc7s25'
INFO: [Common 17-349] Got license for feature 'Implementation' and/or device 'xc7s25'
Running DRC as a precondition to command write_bitstream
INFO: [IP_Flow 19-1839] IP Catalog is up to date.
INFO: [DRC 23-27] Running DRC with 2 threads
WARNING: [DRC CFGBVS-1] Missing CFGBVS and CONFIG_VOLTAGE Design Properties: Neither the CFGBVS nor CONFIG_VOLTAGE voltage property is set in the current_design.  Configuration bank voltage select (CFGBVS) must be set to VCCO or GND, and CONFIG_VOLTAGE must be set to the correct configuration voltage, in order to determine the I/O voltage support for the pins in bank 0.  It is suggested to specify these either using the 'Edit Device Properties' function in the GUI or directly in the XDC file using the following syntax:

 set_property CFGBVS value1 [current_design]
 #where value1 is either VCCO or GND

 set_property CONFIG_VOLTAGE value2 [current_design]
 #where value2 is the voltage provided to configuration bank 0

Refer to the device configuration user guide for more information.
INFO: [Vivado 12-3199] DRC finished with 0 Errors, 1 Warnings
INFO: [Vivado 12-3200] Please refer to the DRC report (report_drc) for more information.
INFO: [Designutils 20-2272] Running write_bitstream with 2 threads.
Loading data files...
Loading site data...
Loading route data...
Processing options...
Creating bitmap...
Creating bitstream...
Bitstream compression saved 8582016 bits.
Writing bitstream ./UART_Test.bit...
INFO: [Vivado 12-1842] Bitgen Completed Successfully.
INFO: [Project 1-120] WebTalk data collection is mandatory when using a WebPACK part without a full Vivado license. To see the specific WebTalk data collected for your design, open the usage_statistics_webtalk.html or usage_statistics_webtalk.xml file in the implementation directory.
INFO: [Common 17-83] Releasing license: Implementation
102 Infos, 2 Warnings, 0 Critical Warnings and 0 Errors encountered.
write_bitstream completed successfully
write_bitstream: Time (s): cpu = 00:00:18 ; elapsed = 00:00:24 . Memory (MB): peak = 1737.402 ; gain = 398.098
INFO: [Common 17-206] Exiting Vivado at Sat Feb 15 19:36:50 2025...
