#-----------------------------------------------------------
# Webtalk v2019.1 (64-bit)
# SW Build 2552052 on Fri May 24 14:49:42 MDT 2019
# IP Build 2548770 on Fri May 24 18:01:18 MDT 2019
# Start of session at: Sat Mar 16 23:49:03 2024
# Process ID: 15500
# Current directory: D:/Dropbox/Rodgel/Projects/1402/Triangle-TeraHertz/Triangle_Terahertz_FPGA_Ver3/Triangle_Terahertz_FPGA_Ver3/Triangle_Terahertz_FPGA_Ver3.sim/sim_1/behav/xsim
# Command line: wbtcv.exe -mode batch -source D:/Dropbox/Rodgel/Projects/1402/Triangle-TeraHertz/Triangle_Terahertz_FPGA_Ver3/Triangle_Terahertz_FPGA_Ver3/Triangle_Terahertz_FPGA_Ver3.sim/sim_1/behav/xsim/xsim.dir/tb_behav/webtalk/xsim_webtalk.tcl -notrace
# Log file: D:/Dropbox/Rodgel/Projects/1402/Triangle-TeraHertz/Triangle_Terahertz_FPGA_Ver3/Triangle_Terahertz_FPGA_Ver3/Triangle_Terahertz_FPGA_Ver3.sim/sim_1/behav/xsim/webtalk.log
# Journal file: D:/Dropbox/Rodgel/Projects/1402/Triangle-TeraHertz/Triangle_Terahertz_FPGA_Ver3/Triangle_Terahertz_FPGA_Ver3/Triangle_Terahertz_FPGA_Ver3.sim/sim_1/behav/xsim\webtalk.jou
#-----------------------------------------------------------
source D:/Dropbox/Rodgel/Projects/1402/Triangle-TeraHertz/Triangle_Terahertz_FPGA_Ver3/Triangle_Terahertz_FPGA_Ver3/Triangle_Terahertz_FPGA_Ver3.sim/sim_1/behav/xsim/xsim.dir/tb_behav/webtalk/xsim_webtalk.tcl -notrace
